-- Automatically generated by TPCDSQueryTestSuite

-- !query schema
struct<count(*):bigint>
-- !query output
104
