-- Automatically generated by SQLQueryTestSuite
-- !query
SELECT CAST('1.23' AS int)
-- !query schema
struct<CAST('1.23' AS int):int>
-- !query output
1


-- !query
SELECT CAST('1.23' AS long)
-- !query schema
struct<CAST('1.23' AS long):bigint>
-- !query output
1


-- !query
SELECT CAST('-4.56' AS int)
-- !query schema
struct<CAST('-4.56' AS int):int>
-- !query output
-4


-- !query
SELECT CAST('-4.56' AS long)
-- !query schema
struct<CAST('-4.56' AS long):bigint>
-- !query output
-4


-- !query
SELECT CAST('abc' AS int)
-- !query schema
struct<CAST('abc' AS int):int>
-- !query output
NULL


-- !query
SELECT CAST('abc' AS long)
-- !query schema
struct<CAST('abc' AS long):bigint>
-- !query output
NULL


-- !query
SELECT CAST('abc' AS float)
-- !query schema
struct<CAST('abc' AS float):float>
-- !query output
NULL


-- !query
SELECT CAST('abc' AS double)
-- !query schema
struct<CAST('abc' AS double):double>
-- !query output
NULL


-- !query
SELECT CAST('1234567890123' AS int)
-- !query schema
struct<CAST('1234567890123' AS int):int>
-- !query output
NULL


-- !query
SELECT CAST('12345678901234567890123' AS long)
-- !query schema
struct<CAST('12345678901234567890123' AS long):bigint>
-- !query output
NULL


-- !query
SELECT CAST('' AS int)
-- !query schema
struct<CAST('' AS int):int>
-- !query output
NULL


-- !query
SELECT CAST('' AS long)
-- !query schema
struct<CAST('' AS long):bigint>
-- !query output
NULL


-- !query
SELECT CAST('' AS float)
-- !query schema
struct<CAST('' AS float):float>
-- !query output
NULL


-- !query
SELECT CAST('' AS double)
-- !query schema
struct<CAST('' AS double):double>
-- !query output
NULL


-- !query
SELECT CAST(NULL AS int)
-- !query schema
struct<CAST(NULL AS int):int>
-- !query output
NULL


-- !query
SELECT CAST(NULL AS long)
-- !query schema
struct<CAST(NULL AS long):bigint>
-- !query output
NULL


-- !query
SELECT CAST('123.a' AS int)
-- !query schema
struct<CAST('123.a' AS int):int>
-- !query output
NULL


-- !query
SELECT CAST('123.a' AS long)
-- !query schema
struct<CAST('123.a' AS long):bigint>
-- !query output
NULL


-- !query
SELECT CAST('123.a' AS float)
-- !query schema
struct<CAST('123.a' AS float):float>
-- !query output
NULL


-- !query
SELECT CAST('123.a' AS double)
-- !query schema
struct<CAST('123.a' AS double):double>
-- !query output
NULL


-- !query
SELECT CAST('-2147483648' AS int)
-- !query schema
struct<CAST('-2147483648' AS int):int>
-- !query output
-2147483648


-- !query
SELECT CAST('-2147483649' AS int)
-- !query schema
struct<CAST('-2147483649' AS int):int>
-- !query output
NULL


-- !query
SELECT CAST('2147483647' AS int)
-- !query schema
struct<CAST('2147483647' AS int):int>
-- !query output
2147483647


-- !query
SELECT CAST('2147483648' AS int)
-- !query schema
struct<CAST('2147483648' AS int):int>
-- !query output
NULL


-- !query
SELECT CAST('-9223372036854775808' AS long)
-- !query schema
struct<CAST('-9223372036854775808' AS long):bigint>
-- !query output
-9223372036854775808


-- !query
SELECT CAST('-9223372036854775809' AS long)
-- !query schema
struct<CAST('-9223372036854775809' AS long):bigint>
-- !query output
NULL


-- !query
SELECT CAST('9223372036854775807' AS long)
-- !query schema
struct<CAST('9223372036854775807' AS long):bigint>
-- !query output
9223372036854775807


-- !query
SELECT CAST('9223372036854775808' AS long)
-- !query schema
struct<CAST('9223372036854775808' AS long):bigint>
-- !query output
NULL


-- !query
SELECT HEX(CAST('abc' AS binary))
-- !query schema
struct<HEX(CAST('abc' AS binary)):string>
-- !query output
616263


-- !query
SELECT HEX(CAST(CAST(123 AS byte) AS binary))
-- !query schema
struct<HEX(CAST(CAST(123 AS byte)AS binary)):string>
-- !query output
7B


-- !query
SELECT HEX(CAST(CAST(-123 AS byte) AS binary))
-- !query schema
struct<HEX(CAST(CAST(- 123 AS byte)AS binary)):string>
-- !query output
85


-- !query
SELECT HEX(CAST(123S AS binary))
-- !query schema
struct<HEX(CAST(123S AS binary)):string>
-- !query output
007B


-- !query
SELECT HEX(CAST(-123S AS binary))
-- !query schema
struct<HEX(CAST(- 123S AS binary)):string>
-- !query output
FF85


-- !query
SELECT HEX(CAST(123 AS binary))
-- !query schema
struct<HEX(CAST(123 AS binary)):string>
-- !query output
0000007B


-- !query
SELECT HEX(CAST(-123 AS binary))
-- !query schema
struct<HEX(CAST(- 123 AS binary)):string>
-- !query output
FFFFFF85


-- !query
SELECT HEX(CAST(123L AS binary))
-- !query schema
struct<HEX(CAST(123L AS binary)):string>
-- !query output
000000000000007B


-- !query
SELECT HEX(CAST(-123L AS binary))
-- !query schema
struct<HEX(CAST(- 123L AS binary)):string>
-- !query output
FFFFFFFFFFFFFF85


-- !query
DESC FUNCTION boolean
-- !query schema
struct<function_desc:string>
-- !query output
Class: org.apache.spark.sql.catalyst.expressions.Cast
Function: boolean
Usage: boolean(expr) - Casts the value `expr` to the target data type `boolean`.


-- !query
DESC FUNCTION EXTENDED boolean
-- !query schema
struct<function_desc:string>
-- !query output
Class: org.apache.spark.sql.catalyst.expressions.Cast
Extended Usage:
    No example/argument for boolean.

    Since: 2.0.1

Function: boolean
Usage: boolean(expr) - Casts the value `expr` to the target data type `boolean`.


-- !query
SELECT CAST('interval 3 month 1 hour' AS interval)
-- !query schema
struct<CAST('interval 3 month 1 hour' AS interval):interval>
-- !query output
3 months 1 hours


-- !query
SELECT CAST("interval '3-1' year to month" AS interval year to month)
-- !query schema
struct<CAST("interval '3-1' year to month" AS interval year to month):interval year to month>
-- !query output
3-1


-- !query
SELECT CAST("interval '3 00:00:01' day to second" AS interval day to second)
-- !query schema
struct<CAST("interval '3 00:00:01' day to second" AS interval day to second):interval day to second>
-- !query output
3 00:00:01.000000000


-- !query
SELECT CAST(interval 3 month 1 hour AS string)
-- !query schema
struct<>
-- !query output
org.apache.spark.sql.catalyst.parser.ParseException
{
  "errorClass" : "_LEGACY_ERROR_TEMP_0029",
  "messageParameters" : {
    "literal" : "interval 3 month 1 hour"
  },
  "queryContext" : [ {
    "objectType" : "",
    "objectName" : "",
    "startIndex" : 13,
    "stopIndex" : 35,
    "fragment" : "interval 3 month 1 hour"
  } ]
}


-- !query
SELECT CAST(interval 3 year 1 month AS string)
-- !query schema
struct<CAST(interval 3 year 1 month AS string):string>
-- !query output
INTERVAL '3-1' YEAR TO MONTH


-- !query
SELECT CAST(interval 3 day 1 second AS string)
-- !query schema
struct<CAST(interval 3 day 1 second AS string):string>
-- !query output
INTERVAL '3 00:00:01' DAY TO SECOND


-- !query
select cast(' 1' as tinyint)
-- !query schema
struct<cast(' 1' as tinyint):tinyint>
-- !query output
1


-- !query
select cast(' 1\t' as tinyint)
-- !query schema
struct<cast(' 1\t' as tinyint):tinyint>
-- !query output
1


-- !query
select cast(' 1' as smallint)
-- !query schema
struct<cast(' 1' as smallint):smallint>
-- !query output
1


-- !query
select cast(' 1' as INT)
-- !query schema
struct<cast(' 1' as INT):int>
-- !query output
1


-- !query
select cast(' 1' as bigint)
-- !query schema
struct<cast(' 1' as bigint):bigint>
-- !query output
1


-- !query
select cast(' 1' as float)
-- !query schema
struct<cast(' 1' as float):float>
-- !query output
1.0


-- !query
select cast(' 1 ' as DOUBLE)
-- !query schema
struct<cast(' 1 ' as DOUBLE):double>
-- !query output
1.0


-- !query
select cast('1.0 ' as DEC)
-- !query schema
struct<cast('1.0 ' as DEC):decimal(10,0)>
-- !query output
1


-- !query
select cast('1中文' as tinyint)
-- !query schema
struct<cast('1中文' as tinyint):tinyint>
-- !query output
NULL


-- !query
select cast('1中文' as smallint)
-- !query schema
struct<cast('1中文' as smallint):smallint>
-- !query output
NULL


-- !query
select cast('1中文' as INT)
-- !query schema
struct<cast('1中文' as INT):int>
-- !query output
NULL


-- !query
select cast('中文1' as bigint)
-- !query schema
struct<cast('中文1' as bigint):bigint>
-- !query output
NULL


-- !query
select cast('1中文' as bigint)
-- !query schema
struct<cast('1中文' as bigint):bigint>
-- !query output
NULL


-- !query
select cast('\t\t true \n\r ' as boolean)
-- !query schema
struct<cast('\t\t true \n\r ' as boolean):boolean>
-- !query output
true


-- !query
select cast('\t\n false \t\r' as boolean)
-- !query schema
struct<cast('\t\n false \t\r' as boolean):boolean>
-- !query output
false


-- !query
select cast('\t\n xyz \t\r' as boolean)
-- !query schema
struct<cast('\t\n xyz \t\r' as boolean):boolean>
-- !query output
NULL


-- !query
select cast('23.45' as decimal(4, 2))
-- !query schema
struct<cast('23.45' as decimal(4, 2)):decimal(4,2)>
-- !query output
23.45


-- !query
select cast('123.45' as decimal(4, 2))
-- !query schema
struct<cast('123.45' as decimal(4, 2)):decimal(4,2)>
-- !query output
NULL


-- !query
select cast('xyz' as decimal(4, 2))
-- !query schema
struct<cast('xyz' as decimal(4, 2)):decimal(4,2)>
-- !query output
NULL


-- !query
select cast('2022-01-01' as date)
-- !query schema
struct<cast('2022-01-01' as date):date>
-- !query output
2022-01-01


-- !query
select cast('a' as date)
-- !query schema
struct<cast('a' as date):date>
-- !query output
NULL


-- !query
select cast('2022-01-01 00:00:00' as timestamp)
-- !query schema
struct<cast('2022-01-01 00:00:00' as timestamp):timestamp>
-- !query output
2022-01-01 00:00:00


-- !query
select cast('a' as timestamp)
-- !query schema
struct<cast('a' as timestamp):timestamp>
-- !query output
NULL


-- !query
select cast('2022-01-01 00:00:00' as timestamp_ntz)
-- !query schema
struct<cast('2022-01-01 00:00:00' as timestamp_ntz):timestamp_ntz>
-- !query output
2022-01-01 00:00:00


-- !query
select cast('a' as timestamp_ntz)
-- !query schema
struct<cast('a' as timestamp_ntz):timestamp_ntz>
-- !query output
NULL


-- !query
select cast(cast('inf' as double) as timestamp)
-- !query schema
struct<cast(cast('inf' as double)as timestamp):timestamp>
-- !query output
NULL


-- !query
select cast(cast('inf' as float) as timestamp)
-- !query schema
struct<cast(cast('inf' as float)as timestamp):timestamp>
-- !query output
NULL


-- !query
select cast(interval '1' year as tinyint)
-- !query schema
struct<cast(interval '1' year as tinyint):tinyint>
-- !query output
1


-- !query
select cast(interval '-10-2' year to month as smallint)
-- !query schema
struct<cast(interval '-10-2' year to month as smallint):smallint>
-- !query output
-122


-- !query
select cast(interval '1000' month as int)
-- !query schema
struct<cast(interval '1000' month as int):int>
-- !query output
1000


-- !query
select cast(interval -'10.123456' second as tinyint)
-- !query schema
struct<cast(interval - '10.123456' second as tinyint):tinyint>
-- !query output
-10


-- !query
select cast(interval '23:59:59' hour to second as smallint)
-- !query schema
struct<>
-- !query output
org.apache.spark.SparkArithmeticException
{
  "errorClass" : "CAST_OVERFLOW",
  "sqlState" : "22005",
  "messageParameters" : {
    "ansiConfig" : "\"spark.sql.ansi.enabled\"",
    "sourceType" : "\"INTERVAL HOUR TO SECOND\"",
    "targetType" : "\"SMALLINT\"",
    "value" : "INTERVAL '23:59:59' HOUR TO SECOND"
  }
}


-- !query
select cast(interval -'1 02:03:04.123' day to second as int)
-- !query schema
struct<cast(interval - '1 02:03:04.123' day to second as int):int>
-- !query output
-93784


-- !query
select cast(interval '10' day as bigint)
-- !query schema
struct<cast(interval '10' day as bigint):bigint>
-- !query output
10


-- !query
select cast(interval '-1000' month as tinyint)
-- !query schema
struct<>
-- !query output
org.apache.spark.SparkArithmeticException
{
  "errorClass" : "CAST_OVERFLOW",
  "sqlState" : "22005",
  "messageParameters" : {
    "ansiConfig" : "\"spark.sql.ansi.enabled\"",
    "sourceType" : "\"INTERVAL MONTH\"",
    "targetType" : "\"TINYINT\"",
    "value" : "INTERVAL '-1000' MONTH"
  }
}


-- !query
select cast(interval '1000000' second as smallint)
-- !query schema
struct<>
-- !query output
org.apache.spark.SparkArithmeticException
{
  "errorClass" : "CAST_OVERFLOW",
  "sqlState" : "22005",
  "messageParameters" : {
    "ansiConfig" : "\"spark.sql.ansi.enabled\"",
    "sourceType" : "\"INTERVAL SECOND\"",
    "targetType" : "\"SMALLINT\"",
    "value" : "INTERVAL '1000000' SECOND"
  }
}


-- !query
select cast(1Y as interval year)
-- !query schema
struct<cast(1Y as interval year):interval year>
-- !query output
1-0


-- !query
select cast(-122S as interval year to month)
-- !query schema
struct<cast(- 122S as interval year to month):interval year to month>
-- !query output
-10-2


-- !query
select cast(ym as interval year to month) from values(-122S) as t(ym)
-- !query schema
struct<ym:interval year to month>
-- !query output
-10-2


-- !query
select cast(1000 as interval month)
-- !query schema
struct<cast(1000 as interval month):interval month>
-- !query output
83-4


-- !query
select cast(-10L as interval second)
-- !query schema
struct<cast(- 10L as interval second):interval second>
-- !query output
-0 00:00:10.000000000


-- !query
select cast(100Y as interval hour to second)
-- !query schema
struct<cast(100Y as interval hour to second):interval hour to second>
-- !query output
0 00:01:40.000000000


-- !query
select cast(dt as interval hour to second) from values(100Y) as t(dt)
-- !query schema
struct<dt:interval hour to second>
-- !query output
0 00:01:40.000000000


-- !query
select cast(-1000S as interval day to second)
-- !query schema
struct<cast(- 1000S as interval day to second):interval day to second>
-- !query output
-0 00:16:40.000000000


-- !query
select cast(10 as interval day)
-- !query schema
struct<cast(10 as interval day):interval day>
-- !query output
10 00:00:00.000000000


-- !query
select cast(2147483647 as interval year)
-- !query schema
struct<>
-- !query output
org.apache.spark.SparkArithmeticException
{
  "errorClass" : "CAST_OVERFLOW",
  "sqlState" : "22005",
  "messageParameters" : {
    "ansiConfig" : "\"spark.sql.ansi.enabled\"",
    "sourceType" : "\"INT\"",
    "targetType" : "\"INTERVAL YEAR\"",
    "value" : "2147483647"
  }
}


-- !query
select cast(-9223372036854775808L as interval day)
-- !query schema
struct<>
-- !query output
org.apache.spark.SparkArithmeticException
{
  "errorClass" : "CAST_OVERFLOW",
  "sqlState" : "22005",
  "messageParameters" : {
    "ansiConfig" : "\"spark.sql.ansi.enabled\"",
    "sourceType" : "\"BIGINT\"",
    "targetType" : "\"INTERVAL DAY\"",
    "value" : "-9223372036854775808L"
  }
}


-- !query
select cast(interval '-1' year as decimal(10, 0))
-- !query schema
struct<cast(interval '-1' year as decimal(10, 0)):decimal(10,0)>
-- !query output
-1


-- !query
select cast(interval '1.000001' second as decimal(10, 6))
-- !query schema
struct<cast(interval '1.000001' second as decimal(10, 6)):decimal(10,6)>
-- !query output
1.000001


-- !query
select cast(interval '08:11:10.001' hour to second as decimal(10, 4))
-- !query schema
struct<cast(interval '08:11:10.001' hour to second as decimal(10, 4)):decimal(10,4)>
-- !query output
29470.0010


-- !query
select cast(interval '1 01:02:03.1' day to second as decimal(8, 1))
-- !query schema
struct<cast(interval '1 01:02:03.1' day to second as decimal(8, 1)):decimal(8,1)>
-- !query output
90123.1


-- !query
select cast(interval '10.123' second as decimal(4, 2))
-- !query schema
struct<cast(interval '10.123' second as decimal(4, 2)):decimal(4,2)>
-- !query output
10.12


-- !query
select cast(interval '10.005' second as decimal(4, 2))
-- !query schema
struct<cast(interval '10.005' second as decimal(4, 2)):decimal(4,2)>
-- !query output
10.01


-- !query
select cast(interval '10.123' second as decimal(5, 2))
-- !query schema
struct<cast(interval '10.123' second as decimal(5, 2)):decimal(5,2)>
-- !query output
10.12


-- !query
select cast(interval '10.123' second as decimal(1, 0))
-- !query schema
struct<>
-- !query output
org.apache.spark.SparkArithmeticException
{
  "errorClass" : "NUMERIC_VALUE_OUT_OF_RANGE",
  "sqlState" : "22005",
  "messageParameters" : {
    "config" : "\"spark.sql.ansi.enabled\"",
    "precision" : "1",
    "scale" : "0",
    "value" : "10.123000"
  }
}


-- !query
select cast(10.123456BD as interval day to second)
-- !query schema
struct<cast(10.123456BD as interval day to second):interval day to second>
-- !query output
0 00:00:10.123456000


-- !query
select cast(80.654321BD as interval hour to minute)
-- !query schema
struct<cast(80.654321BD as interval hour to minute):interval hour to minute>
-- !query output
0 01:20:00.000000000


-- !query
select cast(-10.123456BD as interval year to month)
-- !query schema
struct<cast(- 10.123456BD as interval year to month):interval year to month>
-- !query output
-0-10


-- !query
select cast(10.654321BD as interval month)
-- !query schema
struct<cast(10.654321BD as interval month):interval month>
-- !query output
0-11
