-- Automatically generated by SQLQueryTestSuite
-- !query
select x'00' < x'0f'
-- !query schema
struct<x '00' < x '0f':boolean>
-- !query output
true


-- !query
select x'00' < x'ff'
-- !query schema
struct<x '00' < x 'ff':boolean>
-- !query output
true


-- !query
select '1 ' = 1Y
-- !query schema
struct<'1 ' = 1Y:boolean>
-- !query output
true


-- !query
select '\t1 ' = 1Y
-- !query schema
struct<'\t1 ' = 1Y:boolean>
-- !query output
true


-- !query
select '1 ' = 1S
-- !query schema
struct<'1 ' = 1S:boolean>
-- !query output
true


-- !query
select '1 ' = 1
-- !query schema
struct<'1 ' = 1:boolean>
-- !query output
true


-- !query
select ' 1' = 1L
-- !query schema
struct<' 1' = 1L:boolean>
-- !query output
true


-- !query
select ' 1' = cast(1.0 as float)
-- !query schema
struct<' 1' = cast(1.0 as float):boolean>
-- !query output
true


-- !query
select ' 1.0 ' = 1.0D
-- !query schema
struct<' 1.0 ' = 1.0D:boolean>
-- !query output
true


-- !query
select ' 1.0 ' = 1.0BD
-- !query schema
struct<' 1.0 ' = 1.0BD:boolean>
-- !query output
true
