-- Automatically generated by SQLQueryTestSuite
-- !query
select date_format('2018-11-17 13:33:33.333', 'GGGGG')
-- !query schema
struct<>
-- !query output
org.apache.spark.SparkUpgradeException
{"errorClass":"INCONSISTENT_BEHAVIOR_CROSS_VERSION","errorSubClass":"DATETIME_PATTERN_RECOGNITION","messageParameters":["'GGGGG'","\"spark.sql.legacy.timeParserPolicy\""],"queryContext":[]}


-- !query
select date_format('2018-11-17 13:33:33.333', 'yyyyyyy')
-- !query schema
struct<>
-- !query output
org.apache.spark.SparkUpgradeException
{"errorClass":"INCONSISTENT_BEHAVIOR_CROSS_VERSION","errorSubClass":"DATETIME_PATTERN_RECOGNITION","messageParameters":["'yyyyyyy'","\"spark.sql.legacy.timeParserPolicy\""],"queryContext":[]}


-- !query
select date_format('2018-11-17 13:33:33.333', 'qqqqq')
-- !query schema
struct<>
-- !query output
java.lang.IllegalArgumentException
{"errorClass":"legacy","messageParameters":["Too many pattern letters: q"],"queryContext":[]}


-- !query
select date_format('2018-11-17 13:33:33.333', 'QQQQQ')
-- !query schema
struct<>
-- !query output
java.lang.IllegalArgumentException
{"errorClass":"legacy","messageParameters":["Too many pattern letters: Q"],"queryContext":[]}


-- !query
select date_format('2018-11-17 13:33:33.333', 'MMMMM')
-- !query schema
struct<>
-- !query output
org.apache.spark.SparkUpgradeException
{"errorClass":"INCONSISTENT_BEHAVIOR_CROSS_VERSION","errorSubClass":"DATETIME_PATTERN_RECOGNITION","messageParameters":["'MMMMM'","\"spark.sql.legacy.timeParserPolicy\""],"queryContext":[]}


-- !query
select date_format('2018-11-17 13:33:33.333', 'LLLLL')
-- !query schema
struct<>
-- !query output
org.apache.spark.SparkUpgradeException
{"errorClass":"INCONSISTENT_BEHAVIOR_CROSS_VERSION","errorSubClass":"DATETIME_PATTERN_RECOGNITION","messageParameters":["'LLLLL'","\"spark.sql.legacy.timeParserPolicy\""],"queryContext":[]}


-- !query
select date_format('2018-11-17 13:33:33.333', 'EEEEE')
-- !query schema
struct<>
-- !query output
org.apache.spark.SparkUpgradeException
{"errorClass":"INCONSISTENT_BEHAVIOR_CROSS_VERSION","errorSubClass":"DATETIME_PATTERN_RECOGNITION","messageParameters":["'EEEEE'","\"spark.sql.legacy.timeParserPolicy\""],"queryContext":[]}


-- !query
select date_format('2018-11-17 13:33:33.333', 'FF')
-- !query schema
struct<>
-- !query output
org.apache.spark.SparkUpgradeException
{"errorClass":"INCONSISTENT_BEHAVIOR_CROSS_VERSION","errorSubClass":"DATETIME_PATTERN_RECOGNITION","messageParameters":["'FF'","\"spark.sql.legacy.timeParserPolicy\""],"queryContext":[]}


-- !query
select date_format('2018-11-17 13:33:33.333', 'ddd')
-- !query schema
struct<>
-- !query output
org.apache.spark.SparkUpgradeException
{"errorClass":"INCONSISTENT_BEHAVIOR_CROSS_VERSION","errorSubClass":"DATETIME_PATTERN_RECOGNITION","messageParameters":["'ddd'","\"spark.sql.legacy.timeParserPolicy\""],"queryContext":[]}


-- !query
select date_format('2018-11-17 13:33:33.333', 'DDDD')
-- !query schema
struct<>
-- !query output
org.apache.spark.SparkUpgradeException
{"errorClass":"INCONSISTENT_BEHAVIOR_CROSS_VERSION","errorSubClass":"DATETIME_PATTERN_RECOGNITION","messageParameters":["'DDDD'","\"spark.sql.legacy.timeParserPolicy\""],"queryContext":[]}


-- !query
select date_format('2018-11-17 13:33:33.333', 'HHH')
-- !query schema
struct<>
-- !query output
org.apache.spark.SparkUpgradeException
{"errorClass":"INCONSISTENT_BEHAVIOR_CROSS_VERSION","errorSubClass":"DATETIME_PATTERN_RECOGNITION","messageParameters":["'HHH'","\"spark.sql.legacy.timeParserPolicy\""],"queryContext":[]}


-- !query
select date_format('2018-11-17 13:33:33.333', 'hhh')
-- !query schema
struct<>
-- !query output
org.apache.spark.SparkUpgradeException
{"errorClass":"INCONSISTENT_BEHAVIOR_CROSS_VERSION","errorSubClass":"DATETIME_PATTERN_RECOGNITION","messageParameters":["'hhh'","\"spark.sql.legacy.timeParserPolicy\""],"queryContext":[]}


-- !query
select date_format('2018-11-17 13:33:33.333', 'kkk')
-- !query schema
struct<>
-- !query output
org.apache.spark.SparkUpgradeException
{"errorClass":"INCONSISTENT_BEHAVIOR_CROSS_VERSION","errorSubClass":"DATETIME_PATTERN_RECOGNITION","messageParameters":["'kkk'","\"spark.sql.legacy.timeParserPolicy\""],"queryContext":[]}


-- !query
select date_format('2018-11-17 13:33:33.333', 'KKK')
-- !query schema
struct<>
-- !query output
org.apache.spark.SparkUpgradeException
{"errorClass":"INCONSISTENT_BEHAVIOR_CROSS_VERSION","errorSubClass":"DATETIME_PATTERN_RECOGNITION","messageParameters":["'KKK'","\"spark.sql.legacy.timeParserPolicy\""],"queryContext":[]}


-- !query
select date_format('2018-11-17 13:33:33.333', 'mmm')
-- !query schema
struct<>
-- !query output
org.apache.spark.SparkUpgradeException
{"errorClass":"INCONSISTENT_BEHAVIOR_CROSS_VERSION","errorSubClass":"DATETIME_PATTERN_RECOGNITION","messageParameters":["'mmm'","\"spark.sql.legacy.timeParserPolicy\""],"queryContext":[]}


-- !query
select date_format('2018-11-17 13:33:33.333', 'sss')
-- !query schema
struct<>
-- !query output
org.apache.spark.SparkUpgradeException
{"errorClass":"INCONSISTENT_BEHAVIOR_CROSS_VERSION","errorSubClass":"DATETIME_PATTERN_RECOGNITION","messageParameters":["'sss'","\"spark.sql.legacy.timeParserPolicy\""],"queryContext":[]}


-- !query
select date_format('2018-11-17 13:33:33.333', 'SSSSSSSSSS')
-- !query schema
struct<>
-- !query output
org.apache.spark.SparkUpgradeException
{"errorClass":"INCONSISTENT_BEHAVIOR_CROSS_VERSION","errorSubClass":"DATETIME_PATTERN_RECOGNITION","messageParameters":["'SSSSSSSSSS'","\"spark.sql.legacy.timeParserPolicy\""],"queryContext":[]}


-- !query
select date_format('2018-11-17 13:33:33.333', 'aa')
-- !query schema
struct<>
-- !query output
org.apache.spark.SparkUpgradeException
{"errorClass":"INCONSISTENT_BEHAVIOR_CROSS_VERSION","errorSubClass":"DATETIME_PATTERN_RECOGNITION","messageParameters":["'aa'","\"spark.sql.legacy.timeParserPolicy\""],"queryContext":[]}


-- !query
select date_format('2018-11-17 13:33:33.333', 'V')
-- !query schema
struct<>
-- !query output
java.lang.IllegalArgumentException
{"errorClass":"legacy","messageParameters":["Pattern letter count must be 2: V"],"queryContext":[]}


-- !query
select date_format('2018-11-17 13:33:33.333', 'zzzzz')
-- !query schema
struct<>
-- !query output
org.apache.spark.SparkUpgradeException
{"errorClass":"INCONSISTENT_BEHAVIOR_CROSS_VERSION","errorSubClass":"DATETIME_PATTERN_RECOGNITION","messageParameters":["'zzzzz'","\"spark.sql.legacy.timeParserPolicy\""],"queryContext":[]}


-- !query
select date_format('2018-11-17 13:33:33.333', 'XXXXXX')
-- !query schema
struct<>
-- !query output
java.lang.IllegalArgumentException
{"errorClass":"legacy","messageParameters":["Too many pattern letters: X"],"queryContext":[]}


-- !query
select date_format('2018-11-17 13:33:33.333', 'ZZZZZZ')
-- !query schema
struct<>
-- !query output
org.apache.spark.SparkUpgradeException
{"errorClass":"INCONSISTENT_BEHAVIOR_CROSS_VERSION","errorSubClass":"DATETIME_PATTERN_RECOGNITION","messageParameters":["'ZZZZZZ'","\"spark.sql.legacy.timeParserPolicy\""],"queryContext":[]}


-- !query
select date_format('2018-11-17 13:33:33.333', 'OO')
-- !query schema
struct<>
-- !query output
java.lang.IllegalArgumentException
{"errorClass":"legacy","messageParameters":["Pattern letter count must be 1 or 4: O"],"queryContext":[]}


-- !query
select date_format('2018-11-17 13:33:33.333', 'xxxxxx')
-- !query schema
struct<>
-- !query output
java.lang.IllegalArgumentException
{"errorClass":"legacy","messageParameters":["Too many pattern letters: x"],"queryContext":[]}


-- !query
select date_format('2018-11-17 13:33:33.333', 'A')
-- !query schema
struct<>
-- !query output
java.lang.IllegalArgumentException
{"errorClass":"legacy","messageParameters":["Illegal pattern character: A"],"queryContext":[]}


-- !query
select date_format('2018-11-17 13:33:33.333', 'n')
-- !query schema
struct<>
-- !query output
java.lang.IllegalArgumentException
{"errorClass":"legacy","messageParameters":["Illegal pattern character: n"],"queryContext":[]}


-- !query
select date_format('2018-11-17 13:33:33.333', 'N')
-- !query schema
struct<>
-- !query output
java.lang.IllegalArgumentException
{"errorClass":"legacy","messageParameters":["Illegal pattern character: N"],"queryContext":[]}


-- !query
select date_format('2018-11-17 13:33:33.333', 'p')
-- !query schema
struct<>
-- !query output
java.lang.IllegalArgumentException
{"errorClass":"legacy","messageParameters":["Illegal pattern character: p"],"queryContext":[]}


-- !query
select date_format('2018-11-17 13:33:33.333', 'Y')
-- !query schema
struct<>
-- !query output
org.apache.spark.SparkUpgradeException
{"errorClass":"INCONSISTENT_BEHAVIOR_CROSS_VERSION","errorSubClass":"DATETIME_PATTERN_RECOGNITION","messageParameters":["'Y'","\"spark.sql.legacy.timeParserPolicy\""],"queryContext":[]}


-- !query
select date_format('2018-11-17 13:33:33.333', 'w')
-- !query schema
struct<>
-- !query output
org.apache.spark.SparkUpgradeException
{"errorClass":"INCONSISTENT_BEHAVIOR_CROSS_VERSION","errorSubClass":"DATETIME_PATTERN_RECOGNITION","messageParameters":["'w'","\"spark.sql.legacy.timeParserPolicy\""],"queryContext":[]}


-- !query
select date_format('2018-11-17 13:33:33.333', 'W')
-- !query schema
struct<>
-- !query output
org.apache.spark.SparkUpgradeException
{"errorClass":"INCONSISTENT_BEHAVIOR_CROSS_VERSION","errorSubClass":"DATETIME_PATTERN_RECOGNITION","messageParameters":["'W'","\"spark.sql.legacy.timeParserPolicy\""],"queryContext":[]}


-- !query
select date_format('2018-11-17 13:33:33.333', 'u')
-- !query schema
struct<>
-- !query output
org.apache.spark.SparkUpgradeException
{"errorClass":"INCONSISTENT_BEHAVIOR_CROSS_VERSION","errorSubClass":"DATETIME_PATTERN_RECOGNITION","messageParameters":["'u'","\"spark.sql.legacy.timeParserPolicy\""],"queryContext":[]}


-- !query
select date_format('2018-11-17 13:33:33.333', 'e')
-- !query schema
struct<>
-- !query output
java.lang.IllegalArgumentException
{"errorClass":"legacy","messageParameters":["All week-based patterns are unsupported since Spark 3.0, detected: e, Please use the SQL function EXTRACT instead"],"queryContext":[]}


-- !query
select date_format('2018-11-17 13:33:33.333', 'c')
-- !query schema
struct<>
-- !query output
java.lang.IllegalArgumentException
{"errorClass":"legacy","messageParameters":["All week-based patterns are unsupported since Spark 3.0, detected: c, Please use the SQL function EXTRACT instead"],"queryContext":[]}


-- !query
select date_format('2018-11-17 13:33:33.333', 'B')
-- !query schema
struct<>
-- !query output
java.lang.IllegalArgumentException
{"errorClass":"legacy","messageParameters":["Illegal pattern character: B"],"queryContext":[]}


-- !query
select date_format('2018-11-17 13:33:33.333', 'C')
-- !query schema
struct<>
-- !query output
java.lang.IllegalArgumentException
{"errorClass":"legacy","messageParameters":["Unknown pattern letter: C"],"queryContext":[]}


-- !query
select date_format('2018-11-17 13:33:33.333', 'I')
-- !query schema
struct<>
-- !query output
java.lang.IllegalArgumentException
{"errorClass":"legacy","messageParameters":["Unknown pattern letter: I"],"queryContext":[]}
