-- Automatically generated by SQLQueryTestSuite
-- !query
CREATE TEMPORARY VIEW desc_col_temp_view (key int COMMENT 'column_comment', col struct<x:int, y:string>) USING PARQUET
-- !query schema
struct<>
-- !query output



-- !query
DESC desc_col_temp_view col.x
-- !query schema
struct<>
-- !query output
org.apache.spark.sql.AnalysisException
DESC TABLE COLUMN does not support nested column: col.x


-- !query
CREATE TABLE desc_complex_col_table (`a.b` int, col struct<x:int, y:string>) USING PARQUET
-- !query schema
struct<>
-- !query output



-- !query
DESC FORMATTED desc_complex_col_table `a.b`
-- !query schema
struct<info_name:string,info_value:string>
-- !query output
col_name	a.b
data_type	int
comment	NULL
min	NULL
max	NULL
num_nulls	NULL
distinct_count	NULL
avg_col_len	NULL
max_col_len	NULL
histogram	NULL


-- !query
DESC FORMATTED desc_complex_col_table col
-- !query schema
struct<info_name:string,info_value:string>
-- !query output
col_name	col
data_type	struct<x:int,y:string>
comment	NULL
min	NULL
max	NULL
num_nulls	NULL
distinct_count	NULL
avg_col_len	NULL
max_col_len	NULL
histogram	NULL


-- !query
DESC FORMATTED desc_complex_col_table col.x
-- !query schema
struct<>
-- !query output
org.apache.spark.sql.AnalysisException
DESC TABLE COLUMN does not support nested column: col.x
