-- Automatically generated by SQLQueryTestSuite
-- !query
select null ilike 'a'
-- !query schema
struct<null ilike 'a':boolean>
-- !query output
NULL


-- !query
select 'a' ilike null
-- !query schema
struct<'a' ilike null:boolean>
-- !query output
NULL


-- !query
select null ilike null
-- !query schema
struct<null ilike null:boolean>
-- !query output
NULL


-- !query
select 'a' ilike 'a'
-- !query schema
struct<'a' ilike 'a':boolean>
-- !query output
true


-- !query
select 'a' ilike 'b'
-- !query schema
struct<'a' ilike 'b':boolean>
-- !query output
false


-- !query
select 'A' ilike 'a'
-- !query schema
struct<'A' ilike 'a':boolean>
-- !query output
true


-- !query
select 'a' ilike 'A'
-- !query schema
struct<'a' ilike 'A':boolean>
-- !query output
true


-- !query
select 'abdef' ilike 'aBdef'
-- !query schema
struct<'abdef' ilike 'aBdef':boolean>
-- !query output
true


-- !query
select 'a_%b' ilike 'a\\__b'
-- !query schema
struct<'a_%b' ilike 'a\\__b':boolean>
-- !query output
true


-- !query
select 'addb' ilike 'A_%b'
-- !query schema
struct<'addb' ilike 'A_%b':boolean>
-- !query output
true


-- !query
select 'abC' ilike 'a%'
-- !query schema
struct<'abC' ilike 'a%':boolean>
-- !query output
true


-- !query
select 'a\nb' ilike 'a_B'
-- !query schema
struct<'a\nb' ilike 'a_B':boolean>
-- !query output
true


-- !query
select '' ilike ''
-- !query schema
struct<'' ilike '':boolean>
-- !query output
true


-- !query
select 'A' ilike ''
-- !query schema
struct<'A' ilike '':boolean>
-- !query output
false


-- !query
select '' ilike 'a'
-- !query schema
struct<'' ilike 'a':boolean>
-- !query output
false


-- !query
select ilike('\__', '\\\__')
-- !query schema
struct<ilike('\__', '\\\__'):boolean>
-- !query output
true


-- !query
select ilike('\\\__', '%\\%\%')
-- !query schema
struct<ilike('\\\__', '%\\%\%'):boolean>
-- !query output
false


-- !query
select 'a\u20ACA' ilike '_\u20AC_'
-- !query schema
struct<'a\u20ACA' ilike '_\u20AC_':boolean>
-- !query output
true


-- !query
select 'A€a' ilike '_€_'
-- !query schema
struct<'A€a' ilike '_€_':boolean>
-- !query output
true


-- !query
select 'a€AA' ilike '_\u20AC_a'
-- !query schema
struct<'a€AA' ilike '_\u20AC_a':boolean>
-- !query output
true


-- !query
select 'a\u20ACaz' ilike '_€_Z'
-- !query schema
struct<'a\u20ACaz' ilike '_€_Z':boolean>
-- !query output
true


-- !query
select 'ЀЁЂѺΏỀ' ilike 'ѐёђѻώề'
-- !query schema
struct<'ЀЁЂѺΏỀ' ilike 'ѐёђѻώề':boolean>
-- !query output
true


-- !query
select 'Addb' ilike 'a%#%b' escape '#'
-- !query schema
struct<'Addb' ilike 'a%#%b' escape '#':boolean>
-- !query output
false


-- !query
select 'a_%b' ilike 'a%#%B' escape '#'
-- !query schema
struct<'a_%b' ilike 'a%#%B' escape '#':boolean>
-- !query output
true


-- !query
select 'Addb' ilike 'A%$%b' escape '$'
-- !query schema
struct<'Addb' ilike 'A%$%b' escape '$':boolean>
-- !query output
false


-- !query
select 'a_%b' ilike 'a%+%B' escape '+'
-- !query schema
struct<'a_%b' ilike 'a%+%B' escape '+':boolean>
-- !query output
true
