-- Automatically generated by SQLQueryTestSuite
-- !query
select element_at(map(1, 'a', 2, 'b'), 5)
-- !query schema
struct<element_at(map(1, a, 2, b), 5):string>
-- !query output
NULL


-- !query
select map(1, 'a', 2, 'b')[5]
-- !query schema
struct<map(1, a, 2, b)[5]:string>
-- !query output
NULL


-- !query
select map_contains_key(map(1, 'a', 2, 'b'), 5)
-- !query schema
struct<map_contains_key(map(1, a, 2, b), 5):boolean>
-- !query output
false


-- !query
select map_contains_key(map(1, 'a', 2, 'b'), 1)
-- !query schema
struct<map_contains_key(map(1, a, 2, b), 1):boolean>
-- !query output
true


-- !query
select map_contains_key(map(1, 'a', 2, 'b'), 5.0)
-- !query schema
struct<map_contains_key(map(1, a, 2, b), 5.0):boolean>
-- !query output
false


-- !query
select map_contains_key(map(1, 'a', 2, 'b'), 1.0)
-- !query schema
struct<map_contains_key(map(1, a, 2, b), 1.0):boolean>
-- !query output
true


-- !query
select map_contains_key(map(1.0, 'a', 2, 'b'), 5)
-- !query schema
struct<map_contains_key(map(1.0, a, 2, b), 5):boolean>
-- !query output
false


-- !query
select map_contains_key(map(1.0, 'a', 2, 'b'), 1)
-- !query schema
struct<map_contains_key(map(1.0, a, 2, b), 1):boolean>
-- !query output
true


-- !query
select map_contains_key(map('1', 'a', '2', 'b'), 1)
-- !query schema
struct<>
-- !query output
org.apache.spark.sql.AnalysisException
{"errorClass":null,"messageParameters":[],"queryContext":[]}


-- !query
select map_contains_key(map(1, 'a', 2, 'b'), '1')
-- !query schema
struct<>
-- !query output
org.apache.spark.sql.AnalysisException
{"errorClass":null,"messageParameters":[],"queryContext":[]}
