-- Automatically generated by SQLQueryTestSuite
-- !query
SELECT COUNT(NULL) FROM VALUES 1, 2, 3
-- !query schema
struct<COUNT(NULL):bigint>
-- !query output
0


-- !query
SELECT COUNT(1 + NULL) FROM VALUES 1, 2, 3
-- !query schema
struct<COUNT(1 + NULL):bigint>
-- !query output
0


-- !query
SELECT COUNT(NULL) OVER () FROM VALUES 1, 2, 3
-- !query schema
struct<COUNT(NULL)OVER():bigint>
-- !query output
0
0
0


-- !query
SELECT COUNT(1 + NULL) OVER () FROM VALUES 1, 2, 3
-- !query schema
struct<COUNT(1 + NULL)OVER():bigint>
-- !query output
0
0
0
