-- Automatically generated by SQLQueryTestSuite
-- !query
CREATE OR REPLACE TEMPORARY VIEW aggr AS SELECT * FROM VALUES
(0, 0), (0, 10), (0, 20), (0, 30), (0, 40), (1, 10), (1, 20), (2, 10), (2, 20), (2, 25), (2, 30), (3, 60), (4, null)
AS aggr(k, v)
-- !query schema
struct<>
-- !query output



-- !query
CREATE OR REPLACE TEMPORARY VIEW basic_pays AS SELECT * FROM VALUES
('Diane Murphy','Accounting',8435),
('Mary Patterson','Accounting',9998),
('Jeff Firrelli','Accounting',8992),
('William Patterson','Accounting',8870),
('Gerard Bondur','Accounting',11472),
('Anthony Bow','Accounting',6627),
('Leslie Jennings','IT',8113),
('Leslie Thompson','IT',5186),
('Julie Firrelli','Sales',9181),
('Steve Patterson','Sales',9441),
('Foon Yue Tseng','Sales',6660),
('George Vanauf','Sales',10563),
('Loui Bondur','SCM',10449),
('Gerard Hernandez','SCM',6949),
('Pamela Castillo','SCM',11303),
('Larry Bott','SCM',11798),
('Barry Jones','SCM',10586)
AS basic_pays(employee_name, department, salary)
-- !query schema
struct<>
-- !query output



-- !query
SELECT
  percentile_cont(0.25) WITHIN GROUP (ORDER BY v),
  percentile_cont(0.25) WITHIN GROUP (ORDER BY v DESC)
FROM aggr
-- !query schema
struct<percentile_cont(0.25) WITHIN GROUP (ORDER BY v):int,percentile_cont(0.25) WITHIN GROUP (ORDER BY v DESC):int>
-- !query output
10	30


-- !query
SELECT
  k,
  percentile_cont(0.25) WITHIN GROUP (ORDER BY v),
  percentile_cont(0.25) WITHIN GROUP (ORDER BY v DESC)
FROM aggr
GROUP BY k
ORDER BY k
-- !query schema
struct<k:int,percentile_cont(0.25) WITHIN GROUP (ORDER BY v):int,percentile_cont(0.25) WITHIN GROUP (ORDER BY v DESC):int>
-- !query output
0	10	30
1	12	17
2	17	26
3	60	60
4	NULL	NULL


-- !query
SELECT
  percentile_disc(0.25) WITHIN GROUP (ORDER BY v),
  percentile_disc(0.25) WITHIN GROUP (ORDER BY v DESC)
FROM aggr
-- !query schema
struct<percentile_disc(0.25) WITHIN GROUP (ORDER BY v):int,percentile_disc(0.25) WITHIN GROUP (ORDER BY v DESC):int>
-- !query output
10	30


-- !query
SELECT
  k,
  percentile_disc(0.25) WITHIN GROUP (ORDER BY v),
  percentile_disc(0.25) WITHIN GROUP (ORDER BY v DESC)
FROM aggr
GROUP BY k
ORDER BY k
-- !query schema
struct<k:int,percentile_disc(0.25) WITHIN GROUP (ORDER BY v):int,percentile_disc(0.25) WITHIN GROUP (ORDER BY v DESC):int>
-- !query output
0	10	30
1	10	20
2	10	30
3	60	60
4	NULL	NULL


-- !query
SELECT
  median(v),
  percentile(v, 0.5),
  percentile_cont(0.5) WITHIN GROUP (ORDER BY v)
FROM aggr
-- !query schema
struct<median(v):int,percentile(v, 0.5, 1):int,percentile_cont(0.5) WITHIN GROUP (ORDER BY v):int>
-- !query output
20	20	20


-- !query
SELECT
  k,
  median(v),
  percentile(v, 0.5),
  percentile_cont(0.5) WITHIN GROUP (ORDER BY v)
FROM aggr
GROUP BY k
ORDER BY k
-- !query schema
struct<k:int,median(v):int,percentile(v, 0.5, 1):int,percentile_cont(0.5) WITHIN GROUP (ORDER BY v):int>
-- !query output
0	20	20	20
1	15	15	15
2	22	22	22
3	60	60	60
4	NULL	NULL	NULL


-- !query
SELECT
    employee_name,
    department,
    salary,
    percentile_cont(0.25) WITHIN GROUP (ORDER BY salary) OVER (PARTITION BY department),
    percentile_disc(0.25) WITHIN GROUP (ORDER BY salary) OVER (PARTITION BY department),
    percentile_cont(0.25) WITHIN GROUP (ORDER BY salary DESC) OVER (PARTITION BY department),
    percentile_disc(0.25) WITHIN GROUP (ORDER BY salary DESC) OVER (PARTITION BY department)
FROM basic_pays
ORDER BY salary
-- !query schema
struct<employee_name:string,department:string,salary:int,percentile_cont(0.25) WITHIN GROUP (ORDER BY v) OVER (PARTITION BY department ROWS BETWEEN UNBOUNDED PRECEDING AND UNBOUNDED FOLLOWING):int,percentile_disc(0.25) WITHIN GROUP (ORDER BY v) OVER (PARTITION BY department ROWS BETWEEN UNBOUNDED PRECEDING AND UNBOUNDED FOLLOWING):int,percentile_cont(0.25) WITHIN GROUP (ORDER BY v DESC) OVER (PARTITION BY department ROWS BETWEEN UNBOUNDED PRECEDING AND UNBOUNDED FOLLOWING):int,percentile_disc(0.25) WITHIN GROUP (ORDER BY v DESC) OVER (PARTITION BY department ROWS BETWEEN UNBOUNDED PRECEDING AND UNBOUNDED FOLLOWING):int>
-- !query output
Leslie Thompson	IT	5186	5917	5186	7381	8113
Anthony Bow	Accounting	6627	8543	8435	9746	9998
Foon Yue Tseng	Sales	6660	8550	6660	9721	10563
Gerard Hernandez	SCM	6949	10449	10449	11303	11303
Leslie Jennings	IT	8113	5917	5186	7381	8113
Diane Murphy	Accounting	8435	8543	8435	9746	9998
William Patterson	Accounting	8870	8543	8435	9746	9998
Jeff Firrelli	Accounting	8992	8543	8435	9746	9998
Julie Firrelli	Sales	9181	8550	6660	9721	10563
Steve Patterson	Sales	9441	8550	6660	9721	10563
Mary Patterson	Accounting	9998	8543	8435	9746	9998
Loui Bondur	SCM	10449	10449	10449	11303	11303
George Vanauf	Sales	10563	8550	6660	9721	10563
Barry Jones	SCM	10586	10449	10449	11303	11303
Pamela Castillo	SCM	11303	10449	10449	11303	11303
Gerard Bondur	Accounting	11472	8543	8435	9746	9998
Larry Bott	SCM	11798	10449	10449	11303	11303


-- !query
SELECT
    employee_name,
    department,
    salary,
    percentile_cont(0.25) WITHIN GROUP (ORDER BY salary) OVER (PARTITION BY department ORDER BY salary),
    percentile_cont(0.25) WITHIN GROUP (ORDER BY salary DESC) OVER (PARTITION BY department ORDER BY salary)
FROM basic_pays
ORDER BY salary
-- !query schema
struct<>
-- !query output
org.apache.spark.sql.AnalysisException
Cannot specify order by or frame for 'percentile_cont'.


-- !query
SELECT
    employee_name,
    department,
    salary,
    percentile_disc(0.25) WITHIN GROUP (ORDER BY salary) OVER (PARTITION BY department ORDER BY salary),
    percentile_disc(0.25) WITHIN GROUP (ORDER BY salary DESC) OVER (PARTITION BY department ORDER BY salary)
FROM basic_pays
ORDER BY salary
-- !query schema
struct<>
-- !query output
org.apache.spark.sql.AnalysisException
Cannot specify order by or frame for 'percentile_disc'.


-- !query
SELECT
    employee_name,
    department,
    salary,
    median(salary) OVER (PARTITION BY department ORDER BY salary)
FROM basic_pays
ORDER BY salary
-- !query schema
struct<>
-- !query output
org.apache.spark.sql.AnalysisException
Cannot specify order by or frame for 'median'.


-- !query
SELECT
    employee_name,
    department,
    salary,
    percentile_cont(0.25) WITHIN GROUP (ORDER BY salary) OVER (PARTITION BY department ROWS BETWEEN UNBOUNDED PRECEDING AND 1 FOLLOWING),
    percentile_cont(0.25) WITHIN GROUP (ORDER BY salary DESC) OVER (PARTITION BY department ROWS BETWEEN UNBOUNDED PRECEDING AND 1 FOLLOWING)
FROM basic_pays
ORDER BY salary
-- !query schema
struct<>
-- !query output
org.apache.spark.sql.AnalysisException
Cannot specify order by or frame for 'percentile_cont'.


-- !query
SELECT
    employee_name,
    department,
    salary,
    percentile_disc(0.25) WITHIN GROUP (ORDER BY salary) OVER (PARTITION BY department ROWS BETWEEN UNBOUNDED PRECEDING AND 1 FOLLOWING),
    percentile_disc(0.25) WITHIN GROUP (ORDER BY salary DESC) OVER (PARTITION BY department ROWS BETWEEN UNBOUNDED PRECEDING AND 1 FOLLOWING)
FROM basic_pays
ORDER BY salary
-- !query schema
struct<>
-- !query output
org.apache.spark.sql.AnalysisException
Cannot specify order by or frame for 'percentile_disc'.


-- !query
SELECT
    employee_name,
    department,
    salary,
    median(salary) OVER (PARTITION BY department ROWS BETWEEN UNBOUNDED PRECEDING AND 1 FOLLOWING)
FROM basic_pays
ORDER BY salary
-- !query schema
struct<>
-- !query output
org.apache.spark.sql.AnalysisException
Cannot specify order by or frame for 'median'.


-- !query
SELECT
    employee_name,
    department,
    salary,
    percentile_cont(0.25) WITHIN GROUP (ORDER BY salary) OVER w,
    percentile_disc(0.25) WITHIN GROUP (ORDER BY salary) OVER w,
    percentile_cont(0.25) WITHIN GROUP (ORDER BY salary DESC) OVER w,
    percentile_disc(0.25) WITHIN GROUP (ORDER BY salary DESC) OVER w
FROM basic_pays
WINDOW w AS (PARTITION BY department)
ORDER BY salary
-- !query schema
struct<employee_name:string,department:string,salary:int,percentile_cont(0.25) WITHIN GROUP (ORDER BY v) OVER (PARTITION BY department ROWS BETWEEN UNBOUNDED PRECEDING AND UNBOUNDED FOLLOWING):int,percentile_disc(0.25) WITHIN GROUP (ORDER BY v) OVER (PARTITION BY department ROWS BETWEEN UNBOUNDED PRECEDING AND UNBOUNDED FOLLOWING):int,percentile_cont(0.25) WITHIN GROUP (ORDER BY v DESC) OVER (PARTITION BY department ROWS BETWEEN UNBOUNDED PRECEDING AND UNBOUNDED FOLLOWING):int,percentile_disc(0.25) WITHIN GROUP (ORDER BY v DESC) OVER (PARTITION BY department ROWS BETWEEN UNBOUNDED PRECEDING AND UNBOUNDED FOLLOWING):int>
-- !query output
Leslie Thompson	IT	5186	5917	5186	7381	8113
Anthony Bow	Accounting	6627	8543	8435	9746	9998
Foon Yue Tseng	Sales	6660	8550	6660	9721	10563
Gerard Hernandez	SCM	6949	10449	10449	11303	11303
Leslie Jennings	IT	8113	5917	5186	7381	8113
Diane Murphy	Accounting	8435	8543	8435	9746	9998
William Patterson	Accounting	8870	8543	8435	9746	9998
Jeff Firrelli	Accounting	8992	8543	8435	9746	9998
Julie Firrelli	Sales	9181	8550	6660	9721	10563
Steve Patterson	Sales	9441	8550	6660	9721	10563
Mary Patterson	Accounting	9998	8543	8435	9746	9998
Loui Bondur	SCM	10449	10449	10449	11303	11303
George Vanauf	Sales	10563	8550	6660	9721	10563
Barry Jones	SCM	10586	10449	10449	11303	11303
Pamela Castillo	SCM	11303	10449	10449	11303	11303
Gerard Bondur	Accounting	11472	8543	8435	9746	9998
Larry Bott	SCM	11798	10449	10449	11303	11303


-- !query
SELECT
    employee_name,
    department,
    salary,
    median(salary) OVER w,
    percentile_cont(0.5) WITHIN GROUP (ORDER BY salary) OVER w,
    percentile_disc(0.5) WITHIN GROUP (ORDER BY salary) OVER w,
    percentile_cont(0.5) WITHIN GROUP (ORDER BY salary DESC) OVER w,
    percentile_disc(0.5) WITHIN GROUP (ORDER BY salary DESC) OVER w
FROM basic_pays
WHERE salary > 8900
WINDOW w AS (PARTITION BY department)
ORDER BY salary
-- !query schema
struct<employee_name:string,department:string,salary:int,median(salary) OVER (PARTITION BY department ROWS BETWEEN UNBOUNDED PRECEDING AND UNBOUNDED FOLLOWING):int,percentile_cont(0.5) WITHIN GROUP (ORDER BY v) OVER (PARTITION BY department ROWS BETWEEN UNBOUNDED PRECEDING AND UNBOUNDED FOLLOWING):int,percentile_disc(0.5) WITHIN GROUP (ORDER BY v) OVER (PARTITION BY department ROWS BETWEEN UNBOUNDED PRECEDING AND UNBOUNDED FOLLOWING):int,percentile_cont(0.5) WITHIN GROUP (ORDER BY v DESC) OVER (PARTITION BY department ROWS BETWEEN UNBOUNDED PRECEDING AND UNBOUNDED FOLLOWING):int,percentile_disc(0.5) WITHIN GROUP (ORDER BY v DESC) OVER (PARTITION BY department ROWS BETWEEN UNBOUNDED PRECEDING AND UNBOUNDED FOLLOWING):int>
-- !query output
Jeff Firrelli	Accounting	8992	9998	9998	9998	9998	9998
Julie Firrelli	Sales	9181	9441	9441	9441	9441	9441
Steve Patterson	Sales	9441	9441	9441	9441	9441	9441
Mary Patterson	Accounting	9998	9998	9998	9998	9998	9998
Loui Bondur	SCM	10449	10944	10944	10586	10944	11303
George Vanauf	Sales	10563	9441	9441	9441	9441	9441
Barry Jones	SCM	10586	10944	10944	10586	10944	11303
Pamela Castillo	SCM	11303	10944	10944	10586	10944	11303
Gerard Bondur	Accounting	11472	9998	9998	9998	9998	9998
Larry Bott	SCM	11798	10944	10944	10586	10944	11303


-- !query
SELECT
    employee_name,
    department,
    salary,
    percentile_cont(0.25) WITHIN GROUP (ORDER BY salary) OVER w,
    percentile_cont(0.25) WITHIN GROUP (ORDER BY salary DESC) OVER w
FROM basic_pays
WINDOW w AS (PARTITION BY department ORDER BY salary)
ORDER BY salary
-- !query schema
struct<>
-- !query output
org.apache.spark.sql.AnalysisException
Cannot specify order by or frame for 'percentile_cont'.


-- !query
SELECT
    employee_name,
    department,
    salary,
    percentile_disc(0.25) WITHIN GROUP (ORDER BY salary) OVER w,
    percentile_disc(0.25) WITHIN GROUP (ORDER BY salary DESC) OVER w
FROM basic_pays
WINDOW w AS (PARTITION BY department ORDER BY salary)
ORDER BY salary
-- !query schema
struct<>
-- !query output
org.apache.spark.sql.AnalysisException
Cannot specify order by or frame for 'percentile_disc'.


-- !query
SELECT
    employee_name,
    department,
    salary,
    median(salary) OVER w
FROM basic_pays
WINDOW w AS (PARTITION BY department ORDER BY salary)
ORDER BY salary
-- !query schema
struct<>
-- !query output
org.apache.spark.sql.AnalysisException
Cannot specify order by or frame for 'median'.


-- !query
SELECT
    employee_name,
    department,
    salary,
    percentile_cont(0.25) WITHIN GROUP (ORDER BY salary) OVER w,
    percentile_cont(0.25) WITHIN GROUP (ORDER BY salary DESC) OVER w
FROM basic_pays
WINDOW w AS (PARTITION BY department ROWS BETWEEN UNBOUNDED PRECEDING AND 1 FOLLOWING)
ORDER BY salary
-- !query schema
struct<>
-- !query output
org.apache.spark.sql.AnalysisException
Cannot specify order by or frame for 'percentile_cont'.


-- !query
SELECT
    employee_name,
    department,
    salary,
    percentile_disc(0.25) WITHIN GROUP (ORDER BY salary) OVER w,
    percentile_disc(0.25) WITHIN GROUP (ORDER BY salary DESC) OVER w
FROM basic_pays
WINDOW w AS (PARTITION BY department ROWS BETWEEN UNBOUNDED PRECEDING AND 1 FOLLOWING)
ORDER BY salary
-- !query schema
struct<>
-- !query output
org.apache.spark.sql.AnalysisException
Cannot specify order by or frame for 'percentile_disc'.


-- !query
SELECT
    employee_name,
    department,
    salary,
    median(salary) OVER w
FROM basic_pays
WINDOW w AS (PARTITION BY department ROWS BETWEEN UNBOUNDED PRECEDING AND 1 FOLLOWING)
ORDER BY salary
-- !query schema
struct<>
-- !query output
org.apache.spark.sql.AnalysisException
Cannot specify order by or frame for 'median'.
