-- Automatically generated by SQLQueryTestSuite
-- !query
CREATE DATABASE mydb1
-- !query schema
struct<>
-- !query output



-- !query
USE mydb1
-- !query schema
struct<>
-- !query output



-- !query
CREATE TABLE t1 USING parquet AS SELECT 1 AS i1
-- !query schema
struct<>
-- !query output



-- !query
SELECT mydb1.t1 FROM t1 TABLESAMPLE (-1 PERCENT)
-- !query schema
struct<>
-- !query output
org.apache.spark.sql.catalyst.parser.ParseException
{"errorClass":"legacy","messageParameters":["\nSampling fraction (-0.01) must be on interval [0, 1](line 1, pos 24)\n\n== SQL ==\nSELECT mydb1.t1 FROM t1 TABLESAMPLE (-1 PERCENT)\n------------------------^^^\n"],"queryContext":[]}


-- !query
SELECT mydb1.t1 FROM t1 TABLESAMPLE (101 PERCENT)
-- !query schema
struct<>
-- !query output
org.apache.spark.sql.catalyst.parser.ParseException
{"errorClass":"legacy","messageParameters":["\nSampling fraction (1.01) must be on interval [0, 1](line 1, pos 24)\n\n== SQL ==\nSELECT mydb1.t1 FROM t1 TABLESAMPLE (101 PERCENT)\n------------------------^^^\n"],"queryContext":[]}


-- !query
DROP DATABASE mydb1 CASCADE
-- !query schema
struct<>
-- !query output

