-- Automatically generated by SQLQueryTestSuite
-- !query
SET TIME ZONE 'Asia/Hong_Kong'
-- !query schema
struct<key:string,value:string>
-- !query output
spark.sql.session.timeZone	Asia/Hong_Kong


-- !query
SET TIME ZONE 'GMT+1'
-- !query schema
struct<key:string,value:string>
-- !query output
spark.sql.session.timeZone	GMT+1


-- !query
SET TIME ZONE INTERVAL 10 HOURS
-- !query schema
struct<key:string,value:string>
-- !query output
spark.sql.session.timeZone	+10:00


-- !query
SET TIME ZONE INTERVAL '15:40:32' HOUR TO SECOND
-- !query schema
struct<key:string,value:string>
-- !query output
spark.sql.session.timeZone	+15:40:32


-- !query
SET TIME ZONE LOCAL
-- !query schema
struct<key:string,value:string>
-- !query output
spark.sql.session.timeZone	America/Los_Angeles


-- !query
SET TIME ZONE
-- !query schema
struct<>
-- !query output
org.apache.spark.sql.catalyst.parser.ParseException
{"errorClass":"legacy","messageParameters":["\nInvalid time zone displacement value(line 1, pos 0)\n\n== SQL ==\nSET TIME ZONE\n^^^\n"],"queryContext":[]}


-- !query
SET TIME ZONE 'invalid/zone'
-- !query schema
struct<>
-- !query output
java.lang.IllegalArgumentException
{"errorClass":"legacy","messageParameters":["'invalid/zone' in spark.sql.session.timeZone is invalid. Cannot resolve the given timezone with ZoneId.of(_, ZoneId.SHORT_IDS)"],"queryContext":[]}


-- !query
SET TIME ZONE INTERVAL 3 DAYS
-- !query schema
struct<>
-- !query output
org.apache.spark.sql.catalyst.parser.ParseException
{"errorClass":"legacy","messageParameters":["\nThe interval value must be in the range of [-18, +18] hours with second precision(line 1, pos 14)\n\n== SQL ==\nSET TIME ZONE INTERVAL 3 DAYS\n--------------^^^\n"],"queryContext":[]}


-- !query
SET TIME ZONE INTERVAL 24 HOURS
-- !query schema
struct<>
-- !query output
org.apache.spark.sql.catalyst.parser.ParseException
{"errorClass":"legacy","messageParameters":["\nThe interval value must be in the range of [-18, +18] hours with second precision(line 1, pos 14)\n\n== SQL ==\nSET TIME ZONE INTERVAL 24 HOURS\n--------------^^^\n"],"queryContext":[]}


-- !query
SET TIME ZONE INTERVAL '19:40:32' HOUR TO SECOND
-- !query schema
struct<>
-- !query output
org.apache.spark.sql.catalyst.parser.ParseException
{"errorClass":"legacy","messageParameters":["\nThe interval value must be in the range of [-18, +18] hours with second precision(line 1, pos 14)\n\n== SQL ==\nSET TIME ZONE INTERVAL '19:40:32' HOUR TO SECOND\n--------------^^^\n"],"queryContext":[]}


-- !query
SET TIME ZONE INTERVAL 10 HOURS 'GMT+1'
-- !query schema
struct<>
-- !query output
org.apache.spark.sql.catalyst.parser.ParseException
{"errorClass":"legacy","messageParameters":["\nInvalid time zone displacement value(line 1, pos 0)\n\n== SQL ==\nSET TIME ZONE INTERVAL 10 HOURS 'GMT+1'\n^^^\n"],"queryContext":[]}


-- !query
SET TIME ZONE INTERVAL 10 HOURS 1 MILLISECOND
-- !query schema
struct<>
-- !query output
org.apache.spark.sql.catalyst.parser.ParseException
{"errorClass":"legacy","messageParameters":["\nThe interval value must be in the range of [-18, +18] hours with second precision(line 1, pos 14)\n\n== SQL ==\nSET TIME ZONE INTERVAL 10 HOURS 1 MILLISECOND\n--------------^^^\n"],"queryContext":[]}
