-- Automatically generated by SQLQueryTestSuite
-- !query
select time '16:39:45\t'
-- !query schema
struct<TIME '16:39:45':time(6)>
-- !query output
16:39:45
