-- Automatically generated by SQLQueryTestSuite
-- !query
SELECT TRY_CAST('1.23' AS int)
-- !query schema
struct<TRY_CAST('1.23' AS int):int>
-- !query output
NULL


-- !query
SELECT TRY_CAST('1.23' AS long)
-- !query schema
struct<TRY_CAST('1.23' AS long):bigint>
-- !query output
NULL


-- !query
SELECT TRY_CAST('-4.56' AS int)
-- !query schema
struct<TRY_CAST('-4.56' AS int):int>
-- !query output
NULL


-- !query
SELECT TRY_CAST('-4.56' AS long)
-- !query schema
struct<TRY_CAST('-4.56' AS long):bigint>
-- !query output
NULL


-- !query
SELECT TRY_CAST('abc' AS int)
-- !query schema
struct<TRY_CAST('abc' AS int):int>
-- !query output
NULL


-- !query
SELECT TRY_CAST('abc' AS long)
-- !query schema
struct<TRY_CAST('abc' AS long):bigint>
-- !query output
NULL


-- !query
SELECT TRY_CAST('' AS int)
-- !query schema
struct<TRY_CAST('' AS int):int>
-- !query output
NULL


-- !query
SELECT TRY_CAST('' AS long)
-- !query schema
struct<TRY_CAST('' AS long):bigint>
-- !query output
NULL


-- !query
SELECT TRY_CAST(NULL AS int)
-- !query schema
struct<TRY_CAST(NULL AS int):int>
-- !query output
NULL


-- !query
SELECT TRY_CAST(NULL AS long)
-- !query schema
struct<TRY_CAST(NULL AS long):bigint>
-- !query output
NULL


-- !query
SELECT TRY_CAST('123.a' AS int)
-- !query schema
struct<TRY_CAST('123.a' AS int):int>
-- !query output
NULL


-- !query
SELECT TRY_CAST('123.a' AS long)
-- !query schema
struct<TRY_CAST('123.a' AS long):bigint>
-- !query output
NULL


-- !query
SELECT TRY_CAST('-2147483648' AS int)
-- !query schema
struct<TRY_CAST('-2147483648' AS int):int>
-- !query output
-2147483648


-- !query
SELECT TRY_CAST('-2147483649' AS int)
-- !query schema
struct<TRY_CAST('-2147483649' AS int):int>
-- !query output
NULL


-- !query
SELECT TRY_CAST('2147483647' AS int)
-- !query schema
struct<TRY_CAST('2147483647' AS int):int>
-- !query output
2147483647


-- !query
SELECT TRY_CAST('2147483648' AS int)
-- !query schema
struct<TRY_CAST('2147483648' AS int):int>
-- !query output
NULL


-- !query
SELECT TRY_CAST('-9223372036854775808' AS long)
-- !query schema
struct<TRY_CAST('-9223372036854775808' AS long):bigint>
-- !query output
-9223372036854775808


-- !query
SELECT TRY_CAST('-9223372036854775809' AS long)
-- !query schema
struct<TRY_CAST('-9223372036854775809' AS long):bigint>
-- !query output
NULL


-- !query
SELECT TRY_CAST('9223372036854775807' AS long)
-- !query schema
struct<TRY_CAST('9223372036854775807' AS long):bigint>
-- !query output
9223372036854775807


-- !query
SELECT TRY_CAST('9223372036854775808' AS long)
-- !query schema
struct<TRY_CAST('9223372036854775808' AS long):bigint>
-- !query output
NULL


-- !query
SELECT TRY_CAST('interval 3 month 1 hour' AS interval)
-- !query schema
struct<TRY_CAST('interval 3 month 1 hour' AS interval):interval>
-- !query output
3 months 1 hours


-- !query
SELECT TRY_CAST('abc' AS interval)
-- !query schema
struct<TRY_CAST('abc' AS interval):interval>
-- !query output
NULL


-- !query
select TRY_CAST('true' as boolean)
-- !query schema
struct<TRY_CAST('true' as boolean):boolean>
-- !query output
true


-- !query
select TRY_CAST('false' as boolean)
-- !query schema
struct<TRY_CAST('false' as boolean):boolean>
-- !query output
false


-- !query
select TRY_CAST('abc' as boolean)
-- !query schema
struct<TRY_CAST('abc' as boolean):boolean>
-- !query output
NULL


-- !query
SELECT TRY_CAST("2021-01-01" AS date)
-- !query schema
struct<TRY_CAST("2021-01-01" AS date):date>
-- !query output
2021-01-01


-- !query
SELECT TRY_CAST("2021-101-01" AS date)
-- !query schema
struct<TRY_CAST("2021-101-01" AS date):date>
-- !query output
NULL


-- !query
SELECT TRY_CAST("2021-01-01 00:00:00" AS timestamp)
-- !query schema
struct<TRY_CAST("2021-01-01 00:00:00" AS timestamp):timestamp>
-- !query output
2021-01-01 00:00:00


-- !query
SELECT TRY_CAST("2021-101-01 00:00:00" AS timestamp)
-- !query schema
struct<TRY_CAST("2021-101-01 00:00:00" AS timestamp):timestamp>
-- !query output
NULL
