-- Automatically generated by SQLQueryTestSuite
-- !query
select percentile_cont(0.5) within group (order by b) from aggtest
-- !query schema
struct<percentile_cont(0.5) WITHIN GROUP (ORDER BY v):float>
-- !query output
53.4485


-- !query
select percentile_cont(0.5) within group (order by b), sum(b) from aggtest
-- !query schema
struct<percentile_cont(0.5) WITHIN GROUP (ORDER BY v):float,sum(b):double>
-- !query output
53.4485	431.77260909229517


-- !query
select percentile_cont(0.5) within group (order by thousand) from tenk1
-- !query schema
struct<percentile_cont(0.5) WITHIN GROUP (ORDER BY v):int>
-- !query output
499


-- !query
select percentile_disc(0.5) within group (order by thousand) from tenk1
-- !query schema
struct<percentile_disc(0.5) WITHIN GROUP (ORDER BY v):int>
-- !query output
499
