-- Automatically generated by SQLQueryTestSuite
-- Number of queries: 24


-- !query
SELECT interval '999' second
-- !query schema
struct<999000000:day-time interval>
-- !query output
0 00:16:39.000000000


-- !query
SELECT interval '999' minute
-- !query schema
struct<59940000000:day-time interval>
-- !query output
0 16:39:00.000000000


-- !query
SELECT interval '999' hour
-- !query schema
struct<3596400000000:day-time interval>
-- !query output
41 15:00:00.000000000


-- !query
SELECT interval '999' day
-- !query schema
struct<86313600000000:day-time interval>
-- !query output
999 00:00:00.000000000


-- !query
SELECT interval '999' month
-- !query schema
struct<999:year-month interval>
-- !query output
83-3


-- !query
SELECT interval '1' year
-- !query schema
struct<12:year-month interval>
-- !query output
1-0


-- !query
SELECT interval '2' month
-- !query schema
struct<2:year-month interval>
-- !query output
0-2


-- !query
SELECT interval '3' day
-- !query schema
struct<259200000000:day-time interval>
-- !query output
3 00:00:00.000000000


-- !query
SELECT interval '4' hour
-- !query schema
struct<14400000000:day-time interval>
-- !query output
0 04:00:00.000000000


-- !query
SELECT interval '5' minute
-- !query schema
struct<300000000:day-time interval>
-- !query output
0 00:05:00.000000000


-- !query
SELECT interval '6' second
-- !query schema
struct<6000000:day-time interval>
-- !query output
0 00:00:06.000000000


-- !query
SELECT interval '1-2' year to month
-- !query schema
struct<14:year-month interval>
-- !query output
1-2


-- !query
SELECT interval '1 2:03' day to hour
-- !query schema
struct<>
-- !query output
org.apache.spark.sql.catalyst.parser.ParseException

requirement failed: Interval string must match day-time format of '^(?<sign>[+|-])?(?<day>\d+) (?<hour>\d{1,2})$': 1 2:03, set spark.sql.legacy.fromDayTimeString.enabled to true to restore the behavior before Spark 3.0.(line 1, pos 16)

== SQL ==
SELECT interval '1 2:03' day to hour
----------------^^^


-- !query
SELECT interval '1 2:03:04' day to hour
-- !query schema
struct<>
-- !query output
org.apache.spark.sql.catalyst.parser.ParseException

requirement failed: Interval string must match day-time format of '^(?<sign>[+|-])?(?<day>\d+) (?<hour>\d{1,2})$': 1 2:03:04, set spark.sql.legacy.fromDayTimeString.enabled to true to restore the behavior before Spark 3.0.(line 1, pos 16)

== SQL ==
SELECT interval '1 2:03:04' day to hour
----------------^^^


-- !query
SELECT interval '1 2:03' day to minute
-- !query schema
struct<93780000000:day-time interval>
-- !query output
1 02:03:00.000000000


-- !query
SELECT interval '1 2:03:04' day to minute
-- !query schema
struct<>
-- !query output
org.apache.spark.sql.catalyst.parser.ParseException

requirement failed: Interval string must match day-time format of '^(?<sign>[+|-])?(?<day>\d+) (?<hour>\d{1,2}):(?<minute>\d{1,2})$': 1 2:03:04, set spark.sql.legacy.fromDayTimeString.enabled to true to restore the behavior before Spark 3.0.(line 1, pos 16)

== SQL ==
SELECT interval '1 2:03:04' day to minute
----------------^^^


-- !query
SELECT interval '1 2:03' day to second
-- !query schema
struct<>
-- !query output
org.apache.spark.sql.catalyst.parser.ParseException

requirement failed: Interval string must match day-time format of '^(?<sign>[+|-])?(?<day>\d+) (?<hour>\d{1,2}):(?<minute>\d{1,2}):(?<second>(\d{1,2})(\.(\d{1,9}))?)$': 1 2:03, set spark.sql.legacy.fromDayTimeString.enabled to true to restore the behavior before Spark 3.0.(line 1, pos 16)

== SQL ==
SELECT interval '1 2:03' day to second
----------------^^^


-- !query
SELECT interval '1 2:03:04' day to second
-- !query schema
struct<93784000000:day-time interval>
-- !query output
1 02:03:04.000000000


-- !query
SELECT interval '1 2:03' hour to minute
-- !query schema
struct<>
-- !query output
org.apache.spark.sql.catalyst.parser.ParseException

requirement failed: Interval string must match day-time format of '^(?<sign>[+|-])?(?<hour>\d{1,2}):(?<minute>\d{1,2})$': 1 2:03, set spark.sql.legacy.fromDayTimeString.enabled to true to restore the behavior before Spark 3.0.(line 1, pos 16)

== SQL ==
SELECT interval '1 2:03' hour to minute
----------------^^^


-- !query
SELECT interval '1 2:03:04' hour to minute
-- !query schema
struct<>
-- !query output
org.apache.spark.sql.catalyst.parser.ParseException

requirement failed: Interval string must match day-time format of '^(?<sign>[+|-])?(?<hour>\d{1,2}):(?<minute>\d{1,2})$': 1 2:03:04, set spark.sql.legacy.fromDayTimeString.enabled to true to restore the behavior before Spark 3.0.(line 1, pos 16)

== SQL ==
SELECT interval '1 2:03:04' hour to minute
----------------^^^


-- !query
SELECT interval '1 2:03' hour to second
-- !query schema
struct<>
-- !query output
org.apache.spark.sql.catalyst.parser.ParseException

requirement failed: Interval string must match day-time format of '^(?<sign>[+|-])?(?<hour>\d{1,2}):(?<minute>\d{1,2}):(?<second>(\d{1,2})(\.(\d{1,9}))?)$': 1 2:03, set spark.sql.legacy.fromDayTimeString.enabled to true to restore the behavior before Spark 3.0.(line 1, pos 16)

== SQL ==
SELECT interval '1 2:03' hour to second
----------------^^^


-- !query
SELECT interval '1 2:03:04' hour to second
-- !query schema
struct<>
-- !query output
org.apache.spark.sql.catalyst.parser.ParseException

requirement failed: Interval string must match day-time format of '^(?<sign>[+|-])?(?<hour>\d{1,2}):(?<minute>\d{1,2}):(?<second>(\d{1,2})(\.(\d{1,9}))?)$': 1 2:03:04, set spark.sql.legacy.fromDayTimeString.enabled to true to restore the behavior before Spark 3.0.(line 1, pos 16)

== SQL ==
SELECT interval '1 2:03:04' hour to second
----------------^^^


-- !query
SELECT interval '1 2:03' minute to second
-- !query schema
struct<>
-- !query output
org.apache.spark.sql.catalyst.parser.ParseException

requirement failed: Interval string must match day-time format of '^(?<sign>[+|-])?(?<minute>\d{1,2}):(?<second>(\d{1,2})(\.(\d{1,9}))?)$': 1 2:03, set spark.sql.legacy.fromDayTimeString.enabled to true to restore the behavior before Spark 3.0.(line 1, pos 16)

== SQL ==
SELECT interval '1 2:03' minute to second
----------------^^^


-- !query
SELECT interval '1 2:03:04' minute to second
-- !query schema
struct<>
-- !query output
org.apache.spark.sql.catalyst.parser.ParseException

requirement failed: Interval string must match day-time format of '^(?<sign>[+|-])?(?<minute>\d{1,2}):(?<second>(\d{1,2})(\.(\d{1,9}))?)$': 1 2:03:04, set spark.sql.legacy.fromDayTimeString.enabled to true to restore the behavior before Spark 3.0.(line 1, pos 16)

== SQL ==
SELECT interval '1 2:03:04' minute to second
----------------^^^
