-- Automatically generated by SQLQueryTestSuite
-- !query
select udf(max(min(unique1))) from tenk1
-- !query schema
struct<>
-- !query output
org.apache.spark.sql.AnalysisException
{
  "errorClass" : "LEGACY",
  "messageParameters" : {
    "message" : "It is not allowed to use an aggregate function in the argument of another aggregate function. Please use the inner aggregate function in a sub-query.;\nAggregate [cast(udf(cast(max(min(unique1#x)) as string)) as int) AS udf(max(min(unique1)))#x]\n+- SubqueryAlias spark_catalog.default.tenk1\n   +- Relation spark_catalog.default.tenk1[unique1#x,unique2#x,two#x,four#x,ten#x,twenty#x,hundred#x,thousand#x,twothousand#x,fivethous#x,tenthous#x,odd#x,even#x,stringu1#x,stringu2#x,string4#x] parquet\n"
  }
}


-- !query
select udf((select udf(count(*))
        from (values (1)) t0(inner_c))) as col
from (values (2),(3)) t1(outer_c)
-- !query schema
struct<col:bigint>
-- !query output
1
1
