-- Automatically generated by SQLQueryTestSuite
-- !query
CREATE TEMPORARY VIEW t AS SELECT 1
-- !query schema
struct<>
-- !query output



-- !query
SELECT cast(1 as tinyint) / cast(1 as tinyint) FROM t
-- !query schema
struct<(CAST(1 AS TINYINT) / CAST(1 AS TINYINT)):double>
-- !query output
1.0


-- !query
SELECT cast(1 as tinyint) / cast(1 as smallint) FROM t
-- !query schema
struct<(CAST(1 AS TINYINT) / CAST(1 AS SMALLINT)):double>
-- !query output
1.0


-- !query
SELECT cast(1 as tinyint) / cast(1 as int) FROM t
-- !query schema
struct<(CAST(1 AS TINYINT) / CAST(1 AS INT)):double>
-- !query output
1.0


-- !query
SELECT cast(1 as tinyint) / cast(1 as bigint) FROM t
-- !query schema
struct<(CAST(1 AS TINYINT) / CAST(1 AS BIGINT)):double>
-- !query output
1.0


-- !query
SELECT cast(1 as tinyint) / cast(1 as float) FROM t
-- !query schema
struct<(CAST(1 AS TINYINT) / CAST(1 AS FLOAT)):double>
-- !query output
1.0


-- !query
SELECT cast(1 as tinyint) / cast(1 as double) FROM t
-- !query schema
struct<(CAST(1 AS TINYINT) / CAST(1 AS DOUBLE)):double>
-- !query output
1.0


-- !query
SELECT cast(1 as tinyint) / cast(1 as decimal(10, 0)) FROM t
-- !query schema
struct<(CAST(1 AS TINYINT) / CAST(1 AS DECIMAL(10,0))):decimal(14,11)>
-- !query output
1.00000000000


-- !query
SELECT cast(1 as tinyint) / cast(1 as string) FROM t
-- !query schema
struct<(CAST(1 AS TINYINT) / CAST(1 AS STRING)):double>
-- !query output
1.0


-- !query
SELECT cast(1 as tinyint) / cast('1' as binary) FROM t
-- !query schema
struct<>
-- !query output
org.apache.spark.sql.AnalysisException
{"errorClass":null,"messageParameters":[],"queryContext":[]}


-- !query
SELECT cast(1 as tinyint) / cast(1 as boolean) FROM t
-- !query schema
struct<>
-- !query output
org.apache.spark.sql.AnalysisException
{"errorClass":null,"messageParameters":[],"queryContext":[]}


-- !query
SELECT cast(1 as tinyint) / cast('2017-12-11 09:30:00.0' as timestamp) FROM t
-- !query schema
struct<>
-- !query output
org.apache.spark.sql.AnalysisException
{"errorClass":null,"messageParameters":[],"queryContext":[]}


-- !query
SELECT cast(1 as tinyint) / cast('2017-12-11 09:30:00' as date) FROM t
-- !query schema
struct<>
-- !query output
org.apache.spark.sql.AnalysisException
{"errorClass":null,"messageParameters":[],"queryContext":[]}


-- !query
SELECT cast(1 as smallint) / cast(1 as tinyint) FROM t
-- !query schema
struct<(CAST(1 AS SMALLINT) / CAST(1 AS TINYINT)):double>
-- !query output
1.0


-- !query
SELECT cast(1 as smallint) / cast(1 as smallint) FROM t
-- !query schema
struct<(CAST(1 AS SMALLINT) / CAST(1 AS SMALLINT)):double>
-- !query output
1.0


-- !query
SELECT cast(1 as smallint) / cast(1 as int) FROM t
-- !query schema
struct<(CAST(1 AS SMALLINT) / CAST(1 AS INT)):double>
-- !query output
1.0


-- !query
SELECT cast(1 as smallint) / cast(1 as bigint) FROM t
-- !query schema
struct<(CAST(1 AS SMALLINT) / CAST(1 AS BIGINT)):double>
-- !query output
1.0


-- !query
SELECT cast(1 as smallint) / cast(1 as float) FROM t
-- !query schema
struct<(CAST(1 AS SMALLINT) / CAST(1 AS FLOAT)):double>
-- !query output
1.0


-- !query
SELECT cast(1 as smallint) / cast(1 as double) FROM t
-- !query schema
struct<(CAST(1 AS SMALLINT) / CAST(1 AS DOUBLE)):double>
-- !query output
1.0


-- !query
SELECT cast(1 as smallint) / cast(1 as decimal(10, 0)) FROM t
-- !query schema
struct<(CAST(1 AS SMALLINT) / CAST(1 AS DECIMAL(10,0))):decimal(16,11)>
-- !query output
1.00000000000


-- !query
SELECT cast(1 as smallint) / cast(1 as string) FROM t
-- !query schema
struct<(CAST(1 AS SMALLINT) / CAST(1 AS STRING)):double>
-- !query output
1.0


-- !query
SELECT cast(1 as smallint) / cast('1' as binary) FROM t
-- !query schema
struct<>
-- !query output
org.apache.spark.sql.AnalysisException
{"errorClass":null,"messageParameters":[],"queryContext":[]}


-- !query
SELECT cast(1 as smallint) / cast(1 as boolean) FROM t
-- !query schema
struct<>
-- !query output
org.apache.spark.sql.AnalysisException
{"errorClass":null,"messageParameters":[],"queryContext":[]}


-- !query
SELECT cast(1 as smallint) / cast('2017-12-11 09:30:00.0' as timestamp) FROM t
-- !query schema
struct<>
-- !query output
org.apache.spark.sql.AnalysisException
{"errorClass":null,"messageParameters":[],"queryContext":[]}


-- !query
SELECT cast(1 as smallint) / cast('2017-12-11 09:30:00' as date) FROM t
-- !query schema
struct<>
-- !query output
org.apache.spark.sql.AnalysisException
{"errorClass":null,"messageParameters":[],"queryContext":[]}


-- !query
SELECT cast(1 as int) / cast(1 as tinyint) FROM t
-- !query schema
struct<(CAST(1 AS INT) / CAST(1 AS TINYINT)):double>
-- !query output
1.0


-- !query
SELECT cast(1 as int) / cast(1 as smallint) FROM t
-- !query schema
struct<(CAST(1 AS INT) / CAST(1 AS SMALLINT)):double>
-- !query output
1.0


-- !query
SELECT cast(1 as int) / cast(1 as int) FROM t
-- !query schema
struct<(CAST(1 AS INT) / CAST(1 AS INT)):double>
-- !query output
1.0


-- !query
SELECT cast(1 as int) / cast(1 as bigint) FROM t
-- !query schema
struct<(CAST(1 AS INT) / CAST(1 AS BIGINT)):double>
-- !query output
1.0


-- !query
SELECT cast(1 as int) / cast(1 as float) FROM t
-- !query schema
struct<(CAST(1 AS INT) / CAST(1 AS FLOAT)):double>
-- !query output
1.0


-- !query
SELECT cast(1 as int) / cast(1 as double) FROM t
-- !query schema
struct<(CAST(1 AS INT) / CAST(1 AS DOUBLE)):double>
-- !query output
1.0


-- !query
SELECT cast(1 as int) / cast(1 as decimal(10, 0)) FROM t
-- !query schema
struct<(CAST(1 AS INT) / CAST(1 AS DECIMAL(10,0))):decimal(21,11)>
-- !query output
1.00000000000


-- !query
SELECT cast(1 as int) / cast(1 as string) FROM t
-- !query schema
struct<(CAST(1 AS INT) / CAST(1 AS STRING)):double>
-- !query output
1.0


-- !query
SELECT cast(1 as int) / cast('1' as binary) FROM t
-- !query schema
struct<>
-- !query output
org.apache.spark.sql.AnalysisException
{"errorClass":null,"messageParameters":[],"queryContext":[]}


-- !query
SELECT cast(1 as int) / cast(1 as boolean) FROM t
-- !query schema
struct<>
-- !query output
org.apache.spark.sql.AnalysisException
{"errorClass":null,"messageParameters":[],"queryContext":[]}


-- !query
SELECT cast(1 as int) / cast('2017-12-11 09:30:00.0' as timestamp) FROM t
-- !query schema
struct<>
-- !query output
org.apache.spark.sql.AnalysisException
{"errorClass":null,"messageParameters":[],"queryContext":[]}


-- !query
SELECT cast(1 as int) / cast('2017-12-11 09:30:00' as date) FROM t
-- !query schema
struct<>
-- !query output
org.apache.spark.sql.AnalysisException
{"errorClass":null,"messageParameters":[],"queryContext":[]}


-- !query
SELECT cast(1 as bigint) / cast(1 as tinyint) FROM t
-- !query schema
struct<(CAST(1 AS BIGINT) / CAST(1 AS TINYINT)):double>
-- !query output
1.0


-- !query
SELECT cast(1 as bigint) / cast(1 as smallint) FROM t
-- !query schema
struct<(CAST(1 AS BIGINT) / CAST(1 AS SMALLINT)):double>
-- !query output
1.0


-- !query
SELECT cast(1 as bigint) / cast(1 as int) FROM t
-- !query schema
struct<(CAST(1 AS BIGINT) / CAST(1 AS INT)):double>
-- !query output
1.0


-- !query
SELECT cast(1 as bigint) / cast(1 as bigint) FROM t
-- !query schema
struct<(CAST(1 AS BIGINT) / CAST(1 AS BIGINT)):double>
-- !query output
1.0


-- !query
SELECT cast(1 as bigint) / cast(1 as float) FROM t
-- !query schema
struct<(CAST(1 AS BIGINT) / CAST(1 AS FLOAT)):double>
-- !query output
1.0


-- !query
SELECT cast(1 as bigint) / cast(1 as double) FROM t
-- !query schema
struct<(CAST(1 AS BIGINT) / CAST(1 AS DOUBLE)):double>
-- !query output
1.0


-- !query
SELECT cast(1 as bigint) / cast(1 as decimal(10, 0)) FROM t
-- !query schema
struct<(CAST(1 AS BIGINT) / CAST(1 AS DECIMAL(10,0))):decimal(31,11)>
-- !query output
1.00000000000


-- !query
SELECT cast(1 as bigint) / cast(1 as string) FROM t
-- !query schema
struct<(CAST(1 AS BIGINT) / CAST(1 AS STRING)):double>
-- !query output
1.0


-- !query
SELECT cast(1 as bigint) / cast('1' as binary) FROM t
-- !query schema
struct<>
-- !query output
org.apache.spark.sql.AnalysisException
{"errorClass":null,"messageParameters":[],"queryContext":[]}


-- !query
SELECT cast(1 as bigint) / cast(1 as boolean) FROM t
-- !query schema
struct<>
-- !query output
org.apache.spark.sql.AnalysisException
{"errorClass":null,"messageParameters":[],"queryContext":[]}


-- !query
SELECT cast(1 as bigint) / cast('2017-12-11 09:30:00.0' as timestamp) FROM t
-- !query schema
struct<>
-- !query output
org.apache.spark.sql.AnalysisException
{"errorClass":null,"messageParameters":[],"queryContext":[]}


-- !query
SELECT cast(1 as bigint) / cast('2017-12-11 09:30:00' as date) FROM t
-- !query schema
struct<>
-- !query output
org.apache.spark.sql.AnalysisException
{"errorClass":null,"messageParameters":[],"queryContext":[]}


-- !query
SELECT cast(1 as float) / cast(1 as tinyint) FROM t
-- !query schema
struct<(CAST(1 AS FLOAT) / CAST(1 AS TINYINT)):double>
-- !query output
1.0


-- !query
SELECT cast(1 as float) / cast(1 as smallint) FROM t
-- !query schema
struct<(CAST(1 AS FLOAT) / CAST(1 AS SMALLINT)):double>
-- !query output
1.0


-- !query
SELECT cast(1 as float) / cast(1 as int) FROM t
-- !query schema
struct<(CAST(1 AS FLOAT) / CAST(1 AS INT)):double>
-- !query output
1.0


-- !query
SELECT cast(1 as float) / cast(1 as bigint) FROM t
-- !query schema
struct<(CAST(1 AS FLOAT) / CAST(1 AS BIGINT)):double>
-- !query output
1.0


-- !query
SELECT cast(1 as float) / cast(1 as float) FROM t
-- !query schema
struct<(CAST(1 AS FLOAT) / CAST(1 AS FLOAT)):double>
-- !query output
1.0


-- !query
SELECT cast(1 as float) / cast(1 as double) FROM t
-- !query schema
struct<(CAST(1 AS FLOAT) / CAST(1 AS DOUBLE)):double>
-- !query output
1.0


-- !query
SELECT cast(1 as float) / cast(1 as decimal(10, 0)) FROM t
-- !query schema
struct<(CAST(1 AS FLOAT) / CAST(1 AS DECIMAL(10,0))):double>
-- !query output
1.0


-- !query
SELECT cast(1 as float) / cast(1 as string) FROM t
-- !query schema
struct<(CAST(1 AS FLOAT) / CAST(1 AS STRING)):double>
-- !query output
1.0


-- !query
SELECT cast(1 as float) / cast('1' as binary) FROM t
-- !query schema
struct<>
-- !query output
org.apache.spark.sql.AnalysisException
{"errorClass":null,"messageParameters":[],"queryContext":[]}


-- !query
SELECT cast(1 as float) / cast(1 as boolean) FROM t
-- !query schema
struct<>
-- !query output
org.apache.spark.sql.AnalysisException
{"errorClass":null,"messageParameters":[],"queryContext":[]}


-- !query
SELECT cast(1 as float) / cast('2017-12-11 09:30:00.0' as timestamp) FROM t
-- !query schema
struct<>
-- !query output
org.apache.spark.sql.AnalysisException
{"errorClass":null,"messageParameters":[],"queryContext":[]}


-- !query
SELECT cast(1 as float) / cast('2017-12-11 09:30:00' as date) FROM t
-- !query schema
struct<>
-- !query output
org.apache.spark.sql.AnalysisException
{"errorClass":null,"messageParameters":[],"queryContext":[]}


-- !query
SELECT cast(1 as double) / cast(1 as tinyint) FROM t
-- !query schema
struct<(CAST(1 AS DOUBLE) / CAST(1 AS TINYINT)):double>
-- !query output
1.0


-- !query
SELECT cast(1 as double) / cast(1 as smallint) FROM t
-- !query schema
struct<(CAST(1 AS DOUBLE) / CAST(1 AS SMALLINT)):double>
-- !query output
1.0


-- !query
SELECT cast(1 as double) / cast(1 as int) FROM t
-- !query schema
struct<(CAST(1 AS DOUBLE) / CAST(1 AS INT)):double>
-- !query output
1.0


-- !query
SELECT cast(1 as double) / cast(1 as bigint) FROM t
-- !query schema
struct<(CAST(1 AS DOUBLE) / CAST(1 AS BIGINT)):double>
-- !query output
1.0


-- !query
SELECT cast(1 as double) / cast(1 as float) FROM t
-- !query schema
struct<(CAST(1 AS DOUBLE) / CAST(1 AS FLOAT)):double>
-- !query output
1.0


-- !query
SELECT cast(1 as double) / cast(1 as double) FROM t
-- !query schema
struct<(CAST(1 AS DOUBLE) / CAST(1 AS DOUBLE)):double>
-- !query output
1.0


-- !query
SELECT cast(1 as double) / cast(1 as decimal(10, 0)) FROM t
-- !query schema
struct<(CAST(1 AS DOUBLE) / CAST(1 AS DECIMAL(10,0))):double>
-- !query output
1.0


-- !query
SELECT cast(1 as double) / cast(1 as string) FROM t
-- !query schema
struct<(CAST(1 AS DOUBLE) / CAST(1 AS STRING)):double>
-- !query output
1.0


-- !query
SELECT cast(1 as double) / cast('1' as binary) FROM t
-- !query schema
struct<>
-- !query output
org.apache.spark.sql.AnalysisException
{"errorClass":null,"messageParameters":[],"queryContext":[]}


-- !query
SELECT cast(1 as double) / cast(1 as boolean) FROM t
-- !query schema
struct<>
-- !query output
org.apache.spark.sql.AnalysisException
{"errorClass":null,"messageParameters":[],"queryContext":[]}


-- !query
SELECT cast(1 as double) / cast('2017-12-11 09:30:00.0' as timestamp) FROM t
-- !query schema
struct<>
-- !query output
org.apache.spark.sql.AnalysisException
{"errorClass":null,"messageParameters":[],"queryContext":[]}


-- !query
SELECT cast(1 as double) / cast('2017-12-11 09:30:00' as date) FROM t
-- !query schema
struct<>
-- !query output
org.apache.spark.sql.AnalysisException
{"errorClass":null,"messageParameters":[],"queryContext":[]}


-- !query
SELECT cast(1 as decimal(10, 0)) / cast(1 as tinyint) FROM t
-- !query schema
struct<(CAST(1 AS DECIMAL(10,0)) / CAST(1 AS TINYINT)):decimal(16,6)>
-- !query output
1.000000


-- !query
SELECT cast(1 as decimal(10, 0)) / cast(1 as smallint) FROM t
-- !query schema
struct<(CAST(1 AS DECIMAL(10,0)) / CAST(1 AS SMALLINT)):decimal(16,6)>
-- !query output
1.000000


-- !query
SELECT cast(1 as decimal(10, 0)) / cast(1 as int) FROM t
-- !query schema
struct<(CAST(1 AS DECIMAL(10,0)) / CAST(1 AS INT)):decimal(21,11)>
-- !query output
1.00000000000


-- !query
SELECT cast(1 as decimal(10, 0)) / cast(1 as bigint) FROM t
-- !query schema
struct<(CAST(1 AS DECIMAL(10,0)) / CAST(1 AS BIGINT)):decimal(31,21)>
-- !query output
1.000000000000000000000


-- !query
SELECT cast(1 as decimal(10, 0)) / cast(1 as float) FROM t
-- !query schema
struct<(CAST(1 AS DECIMAL(10,0)) / CAST(1 AS FLOAT)):double>
-- !query output
1.0


-- !query
SELECT cast(1 as decimal(10, 0)) / cast(1 as double) FROM t
-- !query schema
struct<(CAST(1 AS DECIMAL(10,0)) / CAST(1 AS DOUBLE)):double>
-- !query output
1.0


-- !query
SELECT cast(1 as decimal(10, 0)) / cast(1 as decimal(10, 0)) FROM t
-- !query schema
struct<(CAST(1 AS DECIMAL(10,0)) / CAST(1 AS DECIMAL(10,0))):decimal(21,11)>
-- !query output
1.00000000000


-- !query
SELECT cast(1 as decimal(10, 0)) / cast(1 as string) FROM t
-- !query schema
struct<(CAST(1 AS DECIMAL(10,0)) / CAST(1 AS STRING)):double>
-- !query output
1.0


-- !query
SELECT cast(1 as decimal(10, 0)) / cast('1' as binary) FROM t
-- !query schema
struct<>
-- !query output
org.apache.spark.sql.AnalysisException
{"errorClass":null,"messageParameters":[],"queryContext":[]}


-- !query
SELECT cast(1 as decimal(10, 0)) / cast(1 as boolean) FROM t
-- !query schema
struct<>
-- !query output
org.apache.spark.sql.AnalysisException
{"errorClass":null,"messageParameters":[],"queryContext":[]}


-- !query
SELECT cast(1 as decimal(10, 0)) / cast('2017-12-11 09:30:00.0' as timestamp) FROM t
-- !query schema
struct<>
-- !query output
org.apache.spark.sql.AnalysisException
{"errorClass":null,"messageParameters":[],"queryContext":[]}


-- !query
SELECT cast(1 as decimal(10, 0)) / cast('2017-12-11 09:30:00' as date) FROM t
-- !query schema
struct<>
-- !query output
org.apache.spark.sql.AnalysisException
{"errorClass":null,"messageParameters":[],"queryContext":[]}


-- !query
SELECT cast(1 as string) / cast(1 as tinyint) FROM t
-- !query schema
struct<(CAST(1 AS STRING) / CAST(1 AS TINYINT)):double>
-- !query output
1.0


-- !query
SELECT cast(1 as string) / cast(1 as smallint) FROM t
-- !query schema
struct<(CAST(1 AS STRING) / CAST(1 AS SMALLINT)):double>
-- !query output
1.0


-- !query
SELECT cast(1 as string) / cast(1 as int) FROM t
-- !query schema
struct<(CAST(1 AS STRING) / CAST(1 AS INT)):double>
-- !query output
1.0


-- !query
SELECT cast(1 as string) / cast(1 as bigint) FROM t
-- !query schema
struct<(CAST(1 AS STRING) / CAST(1 AS BIGINT)):double>
-- !query output
1.0


-- !query
SELECT cast(1 as string) / cast(1 as float) FROM t
-- !query schema
struct<(CAST(1 AS STRING) / CAST(1 AS FLOAT)):double>
-- !query output
1.0


-- !query
SELECT cast(1 as string) / cast(1 as double) FROM t
-- !query schema
struct<(CAST(1 AS STRING) / CAST(1 AS DOUBLE)):double>
-- !query output
1.0


-- !query
SELECT cast(1 as string) / cast(1 as decimal(10, 0)) FROM t
-- !query schema
struct<(CAST(1 AS STRING) / CAST(1 AS DECIMAL(10,0))):double>
-- !query output
1.0


-- !query
SELECT cast(1 as string) / cast(1 as string) FROM t
-- !query schema
struct<(CAST(1 AS STRING) / CAST(1 AS STRING)):double>
-- !query output
1.0


-- !query
SELECT cast(1 as string) / cast('1' as binary) FROM t
-- !query schema
struct<>
-- !query output
org.apache.spark.sql.AnalysisException
{"errorClass":null,"messageParameters":[],"queryContext":[]}


-- !query
SELECT cast(1 as string) / cast(1 as boolean) FROM t
-- !query schema
struct<>
-- !query output
org.apache.spark.sql.AnalysisException
{"errorClass":null,"messageParameters":[],"queryContext":[]}


-- !query
SELECT cast(1 as string) / cast('2017-12-11 09:30:00.0' as timestamp) FROM t
-- !query schema
struct<>
-- !query output
org.apache.spark.sql.AnalysisException
{"errorClass":null,"messageParameters":[],"queryContext":[]}


-- !query
SELECT cast(1 as string) / cast('2017-12-11 09:30:00' as date) FROM t
-- !query schema
struct<>
-- !query output
org.apache.spark.sql.AnalysisException
{"errorClass":null,"messageParameters":[],"queryContext":[]}


-- !query
SELECT cast('1' as binary) / cast(1 as tinyint) FROM t
-- !query schema
struct<>
-- !query output
org.apache.spark.sql.AnalysisException
{"errorClass":null,"messageParameters":[],"queryContext":[]}


-- !query
SELECT cast('1' as binary) / cast(1 as smallint) FROM t
-- !query schema
struct<>
-- !query output
org.apache.spark.sql.AnalysisException
{"errorClass":null,"messageParameters":[],"queryContext":[]}


-- !query
SELECT cast('1' as binary) / cast(1 as int) FROM t
-- !query schema
struct<>
-- !query output
org.apache.spark.sql.AnalysisException
{"errorClass":null,"messageParameters":[],"queryContext":[]}


-- !query
SELECT cast('1' as binary) / cast(1 as bigint) FROM t
-- !query schema
struct<>
-- !query output
org.apache.spark.sql.AnalysisException
{"errorClass":null,"messageParameters":[],"queryContext":[]}


-- !query
SELECT cast('1' as binary) / cast(1 as float) FROM t
-- !query schema
struct<>
-- !query output
org.apache.spark.sql.AnalysisException
{"errorClass":null,"messageParameters":[],"queryContext":[]}


-- !query
SELECT cast('1' as binary) / cast(1 as double) FROM t
-- !query schema
struct<>
-- !query output
org.apache.spark.sql.AnalysisException
{"errorClass":null,"messageParameters":[],"queryContext":[]}


-- !query
SELECT cast('1' as binary) / cast(1 as decimal(10, 0)) FROM t
-- !query schema
struct<>
-- !query output
org.apache.spark.sql.AnalysisException
{"errorClass":null,"messageParameters":[],"queryContext":[]}


-- !query
SELECT cast('1' as binary) / cast(1 as string) FROM t
-- !query schema
struct<>
-- !query output
org.apache.spark.sql.AnalysisException
{"errorClass":null,"messageParameters":[],"queryContext":[]}


-- !query
SELECT cast('1' as binary) / cast('1' as binary) FROM t
-- !query schema
struct<>
-- !query output
org.apache.spark.sql.AnalysisException
{"errorClass":null,"messageParameters":[],"queryContext":[]}


-- !query
SELECT cast('1' as binary) / cast(1 as boolean) FROM t
-- !query schema
struct<>
-- !query output
org.apache.spark.sql.AnalysisException
{"errorClass":null,"messageParameters":[],"queryContext":[]}


-- !query
SELECT cast('1' as binary) / cast('2017-12-11 09:30:00.0' as timestamp) FROM t
-- !query schema
struct<>
-- !query output
org.apache.spark.sql.AnalysisException
{"errorClass":null,"messageParameters":[],"queryContext":[]}


-- !query
SELECT cast('1' as binary) / cast('2017-12-11 09:30:00' as date) FROM t
-- !query schema
struct<>
-- !query output
org.apache.spark.sql.AnalysisException
{"errorClass":null,"messageParameters":[],"queryContext":[]}


-- !query
SELECT cast(1 as boolean) / cast(1 as tinyint) FROM t
-- !query schema
struct<>
-- !query output
org.apache.spark.sql.AnalysisException
{"errorClass":null,"messageParameters":[],"queryContext":[]}


-- !query
SELECT cast(1 as boolean) / cast(1 as smallint) FROM t
-- !query schema
struct<>
-- !query output
org.apache.spark.sql.AnalysisException
{"errorClass":null,"messageParameters":[],"queryContext":[]}


-- !query
SELECT cast(1 as boolean) / cast(1 as int) FROM t
-- !query schema
struct<>
-- !query output
org.apache.spark.sql.AnalysisException
{"errorClass":null,"messageParameters":[],"queryContext":[]}


-- !query
SELECT cast(1 as boolean) / cast(1 as bigint) FROM t
-- !query schema
struct<>
-- !query output
org.apache.spark.sql.AnalysisException
{"errorClass":null,"messageParameters":[],"queryContext":[]}


-- !query
SELECT cast(1 as boolean) / cast(1 as float) FROM t
-- !query schema
struct<>
-- !query output
org.apache.spark.sql.AnalysisException
{"errorClass":null,"messageParameters":[],"queryContext":[]}


-- !query
SELECT cast(1 as boolean) / cast(1 as double) FROM t
-- !query schema
struct<>
-- !query output
org.apache.spark.sql.AnalysisException
{"errorClass":null,"messageParameters":[],"queryContext":[]}


-- !query
SELECT cast(1 as boolean) / cast(1 as decimal(10, 0)) FROM t
-- !query schema
struct<>
-- !query output
org.apache.spark.sql.AnalysisException
{"errorClass":null,"messageParameters":[],"queryContext":[]}


-- !query
SELECT cast(1 as boolean) / cast(1 as string) FROM t
-- !query schema
struct<>
-- !query output
org.apache.spark.sql.AnalysisException
{"errorClass":null,"messageParameters":[],"queryContext":[]}


-- !query
SELECT cast(1 as boolean) / cast('1' as binary) FROM t
-- !query schema
struct<>
-- !query output
org.apache.spark.sql.AnalysisException
{"errorClass":null,"messageParameters":[],"queryContext":[]}


-- !query
SELECT cast(1 as boolean) / cast(1 as boolean) FROM t
-- !query schema
struct<>
-- !query output
org.apache.spark.sql.AnalysisException
{"errorClass":null,"messageParameters":[],"queryContext":[]}


-- !query
SELECT cast(1 as boolean) / cast('2017-12-11 09:30:00.0' as timestamp) FROM t
-- !query schema
struct<>
-- !query output
org.apache.spark.sql.AnalysisException
{"errorClass":null,"messageParameters":[],"queryContext":[]}


-- !query
SELECT cast(1 as boolean) / cast('2017-12-11 09:30:00' as date) FROM t
-- !query schema
struct<>
-- !query output
org.apache.spark.sql.AnalysisException
{"errorClass":null,"messageParameters":[],"queryContext":[]}


-- !query
SELECT cast('2017-12-11 09:30:00.0' as timestamp) / cast(1 as tinyint) FROM t
-- !query schema
struct<>
-- !query output
org.apache.spark.sql.AnalysisException
{"errorClass":null,"messageParameters":[],"queryContext":[]}


-- !query
SELECT cast('2017-12-11 09:30:00.0' as timestamp) / cast(1 as smallint) FROM t
-- !query schema
struct<>
-- !query output
org.apache.spark.sql.AnalysisException
{"errorClass":null,"messageParameters":[],"queryContext":[]}


-- !query
SELECT cast('2017-12-11 09:30:00.0' as timestamp) / cast(1 as int) FROM t
-- !query schema
struct<>
-- !query output
org.apache.spark.sql.AnalysisException
{"errorClass":null,"messageParameters":[],"queryContext":[]}


-- !query
SELECT cast('2017-12-11 09:30:00.0' as timestamp) / cast(1 as bigint) FROM t
-- !query schema
struct<>
-- !query output
org.apache.spark.sql.AnalysisException
{"errorClass":null,"messageParameters":[],"queryContext":[]}


-- !query
SELECT cast('2017-12-11 09:30:00.0' as timestamp) / cast(1 as float) FROM t
-- !query schema
struct<>
-- !query output
org.apache.spark.sql.AnalysisException
{"errorClass":null,"messageParameters":[],"queryContext":[]}


-- !query
SELECT cast('2017-12-11 09:30:00.0' as timestamp) / cast(1 as double) FROM t
-- !query schema
struct<>
-- !query output
org.apache.spark.sql.AnalysisException
{"errorClass":null,"messageParameters":[],"queryContext":[]}


-- !query
SELECT cast('2017-12-11 09:30:00.0' as timestamp) / cast(1 as decimal(10, 0)) FROM t
-- !query schema
struct<>
-- !query output
org.apache.spark.sql.AnalysisException
{"errorClass":null,"messageParameters":[],"queryContext":[]}


-- !query
SELECT cast('2017-12-11 09:30:00.0' as timestamp) / cast(1 as string) FROM t
-- !query schema
struct<>
-- !query output
org.apache.spark.sql.AnalysisException
{"errorClass":null,"messageParameters":[],"queryContext":[]}


-- !query
SELECT cast('2017-12-11 09:30:00.0' as timestamp) / cast('1' as binary) FROM t
-- !query schema
struct<>
-- !query output
org.apache.spark.sql.AnalysisException
{"errorClass":null,"messageParameters":[],"queryContext":[]}


-- !query
SELECT cast('2017-12-11 09:30:00.0' as timestamp) / cast(1 as boolean) FROM t
-- !query schema
struct<>
-- !query output
org.apache.spark.sql.AnalysisException
{"errorClass":null,"messageParameters":[],"queryContext":[]}


-- !query
SELECT cast('2017-12-11 09:30:00.0' as timestamp) / cast('2017-12-11 09:30:00.0' as timestamp) FROM t
-- !query schema
struct<>
-- !query output
org.apache.spark.sql.AnalysisException
{"errorClass":null,"messageParameters":[],"queryContext":[]}


-- !query
SELECT cast('2017-12-11 09:30:00.0' as timestamp) / cast('2017-12-11 09:30:00' as date) FROM t
-- !query schema
struct<>
-- !query output
org.apache.spark.sql.AnalysisException
{"errorClass":null,"messageParameters":[],"queryContext":[]}


-- !query
SELECT cast('2017-12-11 09:30:00' as date) / cast(1 as tinyint) FROM t
-- !query schema
struct<>
-- !query output
org.apache.spark.sql.AnalysisException
{"errorClass":null,"messageParameters":[],"queryContext":[]}


-- !query
SELECT cast('2017-12-11 09:30:00' as date) / cast(1 as smallint) FROM t
-- !query schema
struct<>
-- !query output
org.apache.spark.sql.AnalysisException
{"errorClass":null,"messageParameters":[],"queryContext":[]}


-- !query
SELECT cast('2017-12-11 09:30:00' as date) / cast(1 as int) FROM t
-- !query schema
struct<>
-- !query output
org.apache.spark.sql.AnalysisException
{"errorClass":null,"messageParameters":[],"queryContext":[]}


-- !query
SELECT cast('2017-12-11 09:30:00' as date) / cast(1 as bigint) FROM t
-- !query schema
struct<>
-- !query output
org.apache.spark.sql.AnalysisException
{"errorClass":null,"messageParameters":[],"queryContext":[]}


-- !query
SELECT cast('2017-12-11 09:30:00' as date) / cast(1 as float) FROM t
-- !query schema
struct<>
-- !query output
org.apache.spark.sql.AnalysisException
{"errorClass":null,"messageParameters":[],"queryContext":[]}


-- !query
SELECT cast('2017-12-11 09:30:00' as date) / cast(1 as double) FROM t
-- !query schema
struct<>
-- !query output
org.apache.spark.sql.AnalysisException
{"errorClass":null,"messageParameters":[],"queryContext":[]}


-- !query
SELECT cast('2017-12-11 09:30:00' as date) / cast(1 as decimal(10, 0)) FROM t
-- !query schema
struct<>
-- !query output
org.apache.spark.sql.AnalysisException
{"errorClass":null,"messageParameters":[],"queryContext":[]}


-- !query
SELECT cast('2017-12-11 09:30:00' as date) / cast(1 as string) FROM t
-- !query schema
struct<>
-- !query output
org.apache.spark.sql.AnalysisException
{"errorClass":null,"messageParameters":[],"queryContext":[]}


-- !query
SELECT cast('2017-12-11 09:30:00' as date) / cast('1' as binary) FROM t
-- !query schema
struct<>
-- !query output
org.apache.spark.sql.AnalysisException
{"errorClass":null,"messageParameters":[],"queryContext":[]}


-- !query
SELECT cast('2017-12-11 09:30:00' as date) / cast(1 as boolean) FROM t
-- !query schema
struct<>
-- !query output
org.apache.spark.sql.AnalysisException
{"errorClass":null,"messageParameters":[],"queryContext":[]}


-- !query
SELECT cast('2017-12-11 09:30:00' as date) / cast('2017-12-11 09:30:00.0' as timestamp) FROM t
-- !query schema
struct<>
-- !query output
org.apache.spark.sql.AnalysisException
{"errorClass":null,"messageParameters":[],"queryContext":[]}


-- !query
SELECT cast('2017-12-11 09:30:00' as date) / cast('2017-12-11 09:30:00' as date) FROM t
-- !query schema
struct<>
-- !query output
org.apache.spark.sql.AnalysisException
{"errorClass":null,"messageParameters":[],"queryContext":[]}
