-- Automatically generated by SQLQueryTestSuite
-- !query
CREATE TEMPORARY VIEW t AS SELECT 1
-- !query schema
struct<>
-- !query output



-- !query
SELECT IF(true, cast(1 as tinyint), cast(2 as tinyint)) FROM t
-- !query schema
struct<(IF(true, CAST(1 AS TINYINT), CAST(2 AS TINYINT))):tinyint>
-- !query output
1


-- !query
SELECT IF(true, cast(1 as tinyint), cast(2 as smallint)) FROM t
-- !query schema
struct<(IF(true, CAST(1 AS TINYINT), CAST(2 AS SMALLINT))):smallint>
-- !query output
1


-- !query
SELECT IF(true, cast(1 as tinyint), cast(2 as int)) FROM t
-- !query schema
struct<(IF(true, CAST(1 AS TINYINT), CAST(2 AS INT))):int>
-- !query output
1


-- !query
SELECT IF(true, cast(1 as tinyint), cast(2 as bigint)) FROM t
-- !query schema
struct<(IF(true, CAST(1 AS TINYINT), CAST(2 AS BIGINT))):bigint>
-- !query output
1


-- !query
SELECT IF(true, cast(1 as tinyint), cast(2 as float)) FROM t
-- !query schema
struct<(IF(true, CAST(1 AS TINYINT), CAST(2 AS FLOAT))):float>
-- !query output
1.0


-- !query
SELECT IF(true, cast(1 as tinyint), cast(2 as double)) FROM t
-- !query schema
struct<(IF(true, CAST(1 AS TINYINT), CAST(2 AS DOUBLE))):double>
-- !query output
1.0


-- !query
SELECT IF(true, cast(1 as tinyint), cast(2 as decimal(10, 0))) FROM t
-- !query schema
struct<(IF(true, CAST(1 AS TINYINT), CAST(2 AS DECIMAL(10,0)))):decimal(10,0)>
-- !query output
1


-- !query
SELECT IF(true, cast(1 as tinyint), cast(2 as string)) FROM t
-- !query schema
struct<(IF(true, CAST(1 AS TINYINT), CAST(2 AS STRING))):string>
-- !query output
1


-- !query
SELECT IF(true, cast(1 as tinyint), cast('2' as binary)) FROM t
-- !query schema
struct<>
-- !query output
org.apache.spark.sql.AnalysisException
{"errorClass":null,"messageParameters":[],"queryContext":[]}


-- !query
SELECT IF(true, cast(1 as tinyint), cast(2 as boolean)) FROM t
-- !query schema
struct<>
-- !query output
org.apache.spark.sql.AnalysisException
{"errorClass":null,"messageParameters":[],"queryContext":[]}


-- !query
SELECT IF(true, cast(1 as tinyint), cast('2017-12-11 09:30:00.0' as timestamp)) FROM t
-- !query schema
struct<>
-- !query output
org.apache.spark.sql.AnalysisException
{"errorClass":null,"messageParameters":[],"queryContext":[]}


-- !query
SELECT IF(true, cast(1 as tinyint), cast('2017-12-11 09:30:00' as date)) FROM t
-- !query schema
struct<>
-- !query output
org.apache.spark.sql.AnalysisException
{"errorClass":null,"messageParameters":[],"queryContext":[]}


-- !query
SELECT IF(true, cast(1 as smallint), cast(2 as tinyint)) FROM t
-- !query schema
struct<(IF(true, CAST(1 AS SMALLINT), CAST(2 AS TINYINT))):smallint>
-- !query output
1


-- !query
SELECT IF(true, cast(1 as smallint), cast(2 as smallint)) FROM t
-- !query schema
struct<(IF(true, CAST(1 AS SMALLINT), CAST(2 AS SMALLINT))):smallint>
-- !query output
1


-- !query
SELECT IF(true, cast(1 as smallint), cast(2 as int)) FROM t
-- !query schema
struct<(IF(true, CAST(1 AS SMALLINT), CAST(2 AS INT))):int>
-- !query output
1


-- !query
SELECT IF(true, cast(1 as smallint), cast(2 as bigint)) FROM t
-- !query schema
struct<(IF(true, CAST(1 AS SMALLINT), CAST(2 AS BIGINT))):bigint>
-- !query output
1


-- !query
SELECT IF(true, cast(1 as smallint), cast(2 as float)) FROM t
-- !query schema
struct<(IF(true, CAST(1 AS SMALLINT), CAST(2 AS FLOAT))):float>
-- !query output
1.0


-- !query
SELECT IF(true, cast(1 as smallint), cast(2 as double)) FROM t
-- !query schema
struct<(IF(true, CAST(1 AS SMALLINT), CAST(2 AS DOUBLE))):double>
-- !query output
1.0


-- !query
SELECT IF(true, cast(1 as smallint), cast(2 as decimal(10, 0))) FROM t
-- !query schema
struct<(IF(true, CAST(1 AS SMALLINT), CAST(2 AS DECIMAL(10,0)))):decimal(10,0)>
-- !query output
1


-- !query
SELECT IF(true, cast(1 as smallint), cast(2 as string)) FROM t
-- !query schema
struct<(IF(true, CAST(1 AS SMALLINT), CAST(2 AS STRING))):string>
-- !query output
1


-- !query
SELECT IF(true, cast(1 as smallint), cast('2' as binary)) FROM t
-- !query schema
struct<>
-- !query output
org.apache.spark.sql.AnalysisException
{"errorClass":null,"messageParameters":[],"queryContext":[]}


-- !query
SELECT IF(true, cast(1 as smallint), cast(2 as boolean)) FROM t
-- !query schema
struct<>
-- !query output
org.apache.spark.sql.AnalysisException
{"errorClass":null,"messageParameters":[],"queryContext":[]}


-- !query
SELECT IF(true, cast(1 as smallint), cast('2017-12-11 09:30:00.0' as timestamp)) FROM t
-- !query schema
struct<>
-- !query output
org.apache.spark.sql.AnalysisException
{"errorClass":null,"messageParameters":[],"queryContext":[]}


-- !query
SELECT IF(true, cast(1 as smallint), cast('2017-12-11 09:30:00' as date)) FROM t
-- !query schema
struct<>
-- !query output
org.apache.spark.sql.AnalysisException
{"errorClass":null,"messageParameters":[],"queryContext":[]}


-- !query
SELECT IF(true, cast(1 as int), cast(2 as tinyint)) FROM t
-- !query schema
struct<(IF(true, CAST(1 AS INT), CAST(2 AS TINYINT))):int>
-- !query output
1


-- !query
SELECT IF(true, cast(1 as int), cast(2 as smallint)) FROM t
-- !query schema
struct<(IF(true, CAST(1 AS INT), CAST(2 AS SMALLINT))):int>
-- !query output
1


-- !query
SELECT IF(true, cast(1 as int), cast(2 as int)) FROM t
-- !query schema
struct<(IF(true, CAST(1 AS INT), CAST(2 AS INT))):int>
-- !query output
1


-- !query
SELECT IF(true, cast(1 as int), cast(2 as bigint)) FROM t
-- !query schema
struct<(IF(true, CAST(1 AS INT), CAST(2 AS BIGINT))):bigint>
-- !query output
1


-- !query
SELECT IF(true, cast(1 as int), cast(2 as float)) FROM t
-- !query schema
struct<(IF(true, CAST(1 AS INT), CAST(2 AS FLOAT))):float>
-- !query output
1.0


-- !query
SELECT IF(true, cast(1 as int), cast(2 as double)) FROM t
-- !query schema
struct<(IF(true, CAST(1 AS INT), CAST(2 AS DOUBLE))):double>
-- !query output
1.0


-- !query
SELECT IF(true, cast(1 as int), cast(2 as decimal(10, 0))) FROM t
-- !query schema
struct<(IF(true, CAST(1 AS INT), CAST(2 AS DECIMAL(10,0)))):decimal(10,0)>
-- !query output
1


-- !query
SELECT IF(true, cast(1 as int), cast(2 as string)) FROM t
-- !query schema
struct<(IF(true, CAST(1 AS INT), CAST(2 AS STRING))):string>
-- !query output
1


-- !query
SELECT IF(true, cast(1 as int), cast('2' as binary)) FROM t
-- !query schema
struct<>
-- !query output
org.apache.spark.sql.AnalysisException
{"errorClass":null,"messageParameters":[],"queryContext":[]}


-- !query
SELECT IF(true, cast(1 as int), cast(2 as boolean)) FROM t
-- !query schema
struct<>
-- !query output
org.apache.spark.sql.AnalysisException
{"errorClass":null,"messageParameters":[],"queryContext":[]}


-- !query
SELECT IF(true, cast(1 as int), cast('2017-12-11 09:30:00.0' as timestamp)) FROM t
-- !query schema
struct<>
-- !query output
org.apache.spark.sql.AnalysisException
{"errorClass":null,"messageParameters":[],"queryContext":[]}


-- !query
SELECT IF(true, cast(1 as int), cast('2017-12-11 09:30:00' as date)) FROM t
-- !query schema
struct<>
-- !query output
org.apache.spark.sql.AnalysisException
{"errorClass":null,"messageParameters":[],"queryContext":[]}


-- !query
SELECT IF(true, cast(1 as bigint), cast(2 as tinyint)) FROM t
-- !query schema
struct<(IF(true, CAST(1 AS BIGINT), CAST(2 AS TINYINT))):bigint>
-- !query output
1


-- !query
SELECT IF(true, cast(1 as bigint), cast(2 as smallint)) FROM t
-- !query schema
struct<(IF(true, CAST(1 AS BIGINT), CAST(2 AS SMALLINT))):bigint>
-- !query output
1


-- !query
SELECT IF(true, cast(1 as bigint), cast(2 as int)) FROM t
-- !query schema
struct<(IF(true, CAST(1 AS BIGINT), CAST(2 AS INT))):bigint>
-- !query output
1


-- !query
SELECT IF(true, cast(1 as bigint), cast(2 as bigint)) FROM t
-- !query schema
struct<(IF(true, CAST(1 AS BIGINT), CAST(2 AS BIGINT))):bigint>
-- !query output
1


-- !query
SELECT IF(true, cast(1 as bigint), cast(2 as float)) FROM t
-- !query schema
struct<(IF(true, CAST(1 AS BIGINT), CAST(2 AS FLOAT))):float>
-- !query output
1.0


-- !query
SELECT IF(true, cast(1 as bigint), cast(2 as double)) FROM t
-- !query schema
struct<(IF(true, CAST(1 AS BIGINT), CAST(2 AS DOUBLE))):double>
-- !query output
1.0


-- !query
SELECT IF(true, cast(1 as bigint), cast(2 as decimal(10, 0))) FROM t
-- !query schema
struct<(IF(true, CAST(1 AS BIGINT), CAST(2 AS DECIMAL(10,0)))):decimal(20,0)>
-- !query output
1


-- !query
SELECT IF(true, cast(1 as bigint), cast(2 as string)) FROM t
-- !query schema
struct<(IF(true, CAST(1 AS BIGINT), CAST(2 AS STRING))):string>
-- !query output
1


-- !query
SELECT IF(true, cast(1 as bigint), cast('2' as binary)) FROM t
-- !query schema
struct<>
-- !query output
org.apache.spark.sql.AnalysisException
{"errorClass":null,"messageParameters":[],"queryContext":[]}


-- !query
SELECT IF(true, cast(1 as bigint), cast(2 as boolean)) FROM t
-- !query schema
struct<>
-- !query output
org.apache.spark.sql.AnalysisException
{"errorClass":null,"messageParameters":[],"queryContext":[]}


-- !query
SELECT IF(true, cast(1 as bigint), cast('2017-12-11 09:30:00.0' as timestamp)) FROM t
-- !query schema
struct<>
-- !query output
org.apache.spark.sql.AnalysisException
{"errorClass":null,"messageParameters":[],"queryContext":[]}


-- !query
SELECT IF(true, cast(1 as bigint), cast('2017-12-11 09:30:00' as date)) FROM t
-- !query schema
struct<>
-- !query output
org.apache.spark.sql.AnalysisException
{"errorClass":null,"messageParameters":[],"queryContext":[]}


-- !query
SELECT IF(true, cast(1 as float), cast(2 as tinyint)) FROM t
-- !query schema
struct<(IF(true, CAST(1 AS FLOAT), CAST(2 AS TINYINT))):float>
-- !query output
1.0


-- !query
SELECT IF(true, cast(1 as float), cast(2 as smallint)) FROM t
-- !query schema
struct<(IF(true, CAST(1 AS FLOAT), CAST(2 AS SMALLINT))):float>
-- !query output
1.0


-- !query
SELECT IF(true, cast(1 as float), cast(2 as int)) FROM t
-- !query schema
struct<(IF(true, CAST(1 AS FLOAT), CAST(2 AS INT))):float>
-- !query output
1.0


-- !query
SELECT IF(true, cast(1 as float), cast(2 as bigint)) FROM t
-- !query schema
struct<(IF(true, CAST(1 AS FLOAT), CAST(2 AS BIGINT))):float>
-- !query output
1.0


-- !query
SELECT IF(true, cast(1 as float), cast(2 as float)) FROM t
-- !query schema
struct<(IF(true, CAST(1 AS FLOAT), CAST(2 AS FLOAT))):float>
-- !query output
1.0


-- !query
SELECT IF(true, cast(1 as float), cast(2 as double)) FROM t
-- !query schema
struct<(IF(true, CAST(1 AS FLOAT), CAST(2 AS DOUBLE))):double>
-- !query output
1.0


-- !query
SELECT IF(true, cast(1 as float), cast(2 as decimal(10, 0))) FROM t
-- !query schema
struct<(IF(true, CAST(1 AS FLOAT), CAST(2 AS DECIMAL(10,0)))):double>
-- !query output
1.0


-- !query
SELECT IF(true, cast(1 as float), cast(2 as string)) FROM t
-- !query schema
struct<(IF(true, CAST(1 AS FLOAT), CAST(2 AS STRING))):string>
-- !query output
1.0


-- !query
SELECT IF(true, cast(1 as float), cast('2' as binary)) FROM t
-- !query schema
struct<>
-- !query output
org.apache.spark.sql.AnalysisException
{"errorClass":null,"messageParameters":[],"queryContext":[]}


-- !query
SELECT IF(true, cast(1 as float), cast(2 as boolean)) FROM t
-- !query schema
struct<>
-- !query output
org.apache.spark.sql.AnalysisException
{"errorClass":null,"messageParameters":[],"queryContext":[]}


-- !query
SELECT IF(true, cast(1 as float), cast('2017-12-11 09:30:00.0' as timestamp)) FROM t
-- !query schema
struct<>
-- !query output
org.apache.spark.sql.AnalysisException
{"errorClass":null,"messageParameters":[],"queryContext":[]}


-- !query
SELECT IF(true, cast(1 as float), cast('2017-12-11 09:30:00' as date)) FROM t
-- !query schema
struct<>
-- !query output
org.apache.spark.sql.AnalysisException
{"errorClass":null,"messageParameters":[],"queryContext":[]}


-- !query
SELECT IF(true, cast(1 as double), cast(2 as tinyint)) FROM t
-- !query schema
struct<(IF(true, CAST(1 AS DOUBLE), CAST(2 AS TINYINT))):double>
-- !query output
1.0


-- !query
SELECT IF(true, cast(1 as double), cast(2 as smallint)) FROM t
-- !query schema
struct<(IF(true, CAST(1 AS DOUBLE), CAST(2 AS SMALLINT))):double>
-- !query output
1.0


-- !query
SELECT IF(true, cast(1 as double), cast(2 as int)) FROM t
-- !query schema
struct<(IF(true, CAST(1 AS DOUBLE), CAST(2 AS INT))):double>
-- !query output
1.0


-- !query
SELECT IF(true, cast(1 as double), cast(2 as bigint)) FROM t
-- !query schema
struct<(IF(true, CAST(1 AS DOUBLE), CAST(2 AS BIGINT))):double>
-- !query output
1.0


-- !query
SELECT IF(true, cast(1 as double), cast(2 as float)) FROM t
-- !query schema
struct<(IF(true, CAST(1 AS DOUBLE), CAST(2 AS FLOAT))):double>
-- !query output
1.0


-- !query
SELECT IF(true, cast(1 as double), cast(2 as double)) FROM t
-- !query schema
struct<(IF(true, CAST(1 AS DOUBLE), CAST(2 AS DOUBLE))):double>
-- !query output
1.0


-- !query
SELECT IF(true, cast(1 as double), cast(2 as decimal(10, 0))) FROM t
-- !query schema
struct<(IF(true, CAST(1 AS DOUBLE), CAST(2 AS DECIMAL(10,0)))):double>
-- !query output
1.0


-- !query
SELECT IF(true, cast(1 as double), cast(2 as string)) FROM t
-- !query schema
struct<(IF(true, CAST(1 AS DOUBLE), CAST(2 AS STRING))):string>
-- !query output
1.0


-- !query
SELECT IF(true, cast(1 as double), cast('2' as binary)) FROM t
-- !query schema
struct<>
-- !query output
org.apache.spark.sql.AnalysisException
{"errorClass":null,"messageParameters":[],"queryContext":[]}


-- !query
SELECT IF(true, cast(1 as double), cast(2 as boolean)) FROM t
-- !query schema
struct<>
-- !query output
org.apache.spark.sql.AnalysisException
{"errorClass":null,"messageParameters":[],"queryContext":[]}


-- !query
SELECT IF(true, cast(1 as double), cast('2017-12-11 09:30:00.0' as timestamp)) FROM t
-- !query schema
struct<>
-- !query output
org.apache.spark.sql.AnalysisException
{"errorClass":null,"messageParameters":[],"queryContext":[]}


-- !query
SELECT IF(true, cast(1 as double), cast('2017-12-11 09:30:00' as date)) FROM t
-- !query schema
struct<>
-- !query output
org.apache.spark.sql.AnalysisException
{"errorClass":null,"messageParameters":[],"queryContext":[]}


-- !query
SELECT IF(true, cast(1 as decimal(10, 0)), cast(2 as tinyint)) FROM t
-- !query schema
struct<(IF(true, CAST(1 AS DECIMAL(10,0)), CAST(2 AS TINYINT))):decimal(10,0)>
-- !query output
1


-- !query
SELECT IF(true, cast(1 as decimal(10, 0)), cast(2 as smallint)) FROM t
-- !query schema
struct<(IF(true, CAST(1 AS DECIMAL(10,0)), CAST(2 AS SMALLINT))):decimal(10,0)>
-- !query output
1


-- !query
SELECT IF(true, cast(1 as decimal(10, 0)), cast(2 as int)) FROM t
-- !query schema
struct<(IF(true, CAST(1 AS DECIMAL(10,0)), CAST(2 AS INT))):decimal(10,0)>
-- !query output
1


-- !query
SELECT IF(true, cast(1 as decimal(10, 0)), cast(2 as bigint)) FROM t
-- !query schema
struct<(IF(true, CAST(1 AS DECIMAL(10,0)), CAST(2 AS BIGINT))):decimal(20,0)>
-- !query output
1


-- !query
SELECT IF(true, cast(1 as decimal(10, 0)), cast(2 as float)) FROM t
-- !query schema
struct<(IF(true, CAST(1 AS DECIMAL(10,0)), CAST(2 AS FLOAT))):double>
-- !query output
1.0


-- !query
SELECT IF(true, cast(1 as decimal(10, 0)), cast(2 as double)) FROM t
-- !query schema
struct<(IF(true, CAST(1 AS DECIMAL(10,0)), CAST(2 AS DOUBLE))):double>
-- !query output
1.0


-- !query
SELECT IF(true, cast(1 as decimal(10, 0)), cast(2 as decimal(10, 0))) FROM t
-- !query schema
struct<(IF(true, CAST(1 AS DECIMAL(10,0)), CAST(2 AS DECIMAL(10,0)))):decimal(10,0)>
-- !query output
1


-- !query
SELECT IF(true, cast(1 as decimal(10, 0)), cast(2 as string)) FROM t
-- !query schema
struct<(IF(true, CAST(1 AS DECIMAL(10,0)), CAST(2 AS STRING))):string>
-- !query output
1


-- !query
SELECT IF(true, cast(1 as decimal(10, 0)), cast('2' as binary)) FROM t
-- !query schema
struct<>
-- !query output
org.apache.spark.sql.AnalysisException
{"errorClass":null,"messageParameters":[],"queryContext":[]}


-- !query
SELECT IF(true, cast(1 as decimal(10, 0)), cast(2 as boolean)) FROM t
-- !query schema
struct<>
-- !query output
org.apache.spark.sql.AnalysisException
{"errorClass":null,"messageParameters":[],"queryContext":[]}


-- !query
SELECT IF(true, cast(1 as decimal(10, 0)), cast('2017-12-11 09:30:00.0' as timestamp)) FROM t
-- !query schema
struct<>
-- !query output
org.apache.spark.sql.AnalysisException
{"errorClass":null,"messageParameters":[],"queryContext":[]}


-- !query
SELECT IF(true, cast(1 as decimal(10, 0)), cast('2017-12-11 09:30:00' as date)) FROM t
-- !query schema
struct<>
-- !query output
org.apache.spark.sql.AnalysisException
{"errorClass":null,"messageParameters":[],"queryContext":[]}


-- !query
SELECT IF(true, cast(1 as string), cast(2 as tinyint)) FROM t
-- !query schema
struct<(IF(true, CAST(1 AS STRING), CAST(2 AS TINYINT))):string>
-- !query output
1


-- !query
SELECT IF(true, cast(1 as string), cast(2 as smallint)) FROM t
-- !query schema
struct<(IF(true, CAST(1 AS STRING), CAST(2 AS SMALLINT))):string>
-- !query output
1


-- !query
SELECT IF(true, cast(1 as string), cast(2 as int)) FROM t
-- !query schema
struct<(IF(true, CAST(1 AS STRING), CAST(2 AS INT))):string>
-- !query output
1


-- !query
SELECT IF(true, cast(1 as string), cast(2 as bigint)) FROM t
-- !query schema
struct<(IF(true, CAST(1 AS STRING), CAST(2 AS BIGINT))):string>
-- !query output
1


-- !query
SELECT IF(true, cast(1 as string), cast(2 as float)) FROM t
-- !query schema
struct<(IF(true, CAST(1 AS STRING), CAST(2 AS FLOAT))):string>
-- !query output
1


-- !query
SELECT IF(true, cast(1 as string), cast(2 as double)) FROM t
-- !query schema
struct<(IF(true, CAST(1 AS STRING), CAST(2 AS DOUBLE))):string>
-- !query output
1


-- !query
SELECT IF(true, cast(1 as string), cast(2 as decimal(10, 0))) FROM t
-- !query schema
struct<(IF(true, CAST(1 AS STRING), CAST(2 AS DECIMAL(10,0)))):string>
-- !query output
1


-- !query
SELECT IF(true, cast(1 as string), cast(2 as string)) FROM t
-- !query schema
struct<(IF(true, CAST(1 AS STRING), CAST(2 AS STRING))):string>
-- !query output
1


-- !query
SELECT IF(true, cast(1 as string), cast('2' as binary)) FROM t
-- !query schema
struct<>
-- !query output
org.apache.spark.sql.AnalysisException
{"errorClass":null,"messageParameters":[],"queryContext":[]}


-- !query
SELECT IF(true, cast(1 as string), cast(2 as boolean)) FROM t
-- !query schema
struct<>
-- !query output
org.apache.spark.sql.AnalysisException
{"errorClass":null,"messageParameters":[],"queryContext":[]}


-- !query
SELECT IF(true, cast(1 as string), cast('2017-12-11 09:30:00.0' as timestamp)) FROM t
-- !query schema
struct<(IF(true, CAST(1 AS STRING), CAST(2017-12-11 09:30:00.0 AS TIMESTAMP))):string>
-- !query output
1


-- !query
SELECT IF(true, cast(1 as string), cast('2017-12-11 09:30:00' as date)) FROM t
-- !query schema
struct<(IF(true, CAST(1 AS STRING), CAST(2017-12-11 09:30:00 AS DATE))):string>
-- !query output
1


-- !query
SELECT IF(true, cast('1' as binary), cast(2 as tinyint)) FROM t
-- !query schema
struct<>
-- !query output
org.apache.spark.sql.AnalysisException
{"errorClass":null,"messageParameters":[],"queryContext":[]}


-- !query
SELECT IF(true, cast('1' as binary), cast(2 as smallint)) FROM t
-- !query schema
struct<>
-- !query output
org.apache.spark.sql.AnalysisException
{"errorClass":null,"messageParameters":[],"queryContext":[]}


-- !query
SELECT IF(true, cast('1' as binary), cast(2 as int)) FROM t
-- !query schema
struct<>
-- !query output
org.apache.spark.sql.AnalysisException
{"errorClass":null,"messageParameters":[],"queryContext":[]}


-- !query
SELECT IF(true, cast('1' as binary), cast(2 as bigint)) FROM t
-- !query schema
struct<>
-- !query output
org.apache.spark.sql.AnalysisException
{"errorClass":null,"messageParameters":[],"queryContext":[]}


-- !query
SELECT IF(true, cast('1' as binary), cast(2 as float)) FROM t
-- !query schema
struct<>
-- !query output
org.apache.spark.sql.AnalysisException
{"errorClass":null,"messageParameters":[],"queryContext":[]}


-- !query
SELECT IF(true, cast('1' as binary), cast(2 as double)) FROM t
-- !query schema
struct<>
-- !query output
org.apache.spark.sql.AnalysisException
{"errorClass":null,"messageParameters":[],"queryContext":[]}


-- !query
SELECT IF(true, cast('1' as binary), cast(2 as decimal(10, 0))) FROM t
-- !query schema
struct<>
-- !query output
org.apache.spark.sql.AnalysisException
{"errorClass":null,"messageParameters":[],"queryContext":[]}


-- !query
SELECT IF(true, cast('1' as binary), cast(2 as string)) FROM t
-- !query schema
struct<>
-- !query output
org.apache.spark.sql.AnalysisException
{"errorClass":null,"messageParameters":[],"queryContext":[]}


-- !query
SELECT IF(true, cast('1' as binary), cast('2' as binary)) FROM t
-- !query schema
struct<(IF(true, CAST(1 AS BINARY), CAST(2 AS BINARY))):binary>
-- !query output
1


-- !query
SELECT IF(true, cast('1' as binary), cast(2 as boolean)) FROM t
-- !query schema
struct<>
-- !query output
org.apache.spark.sql.AnalysisException
{"errorClass":null,"messageParameters":[],"queryContext":[]}


-- !query
SELECT IF(true, cast('1' as binary), cast('2017-12-11 09:30:00.0' as timestamp)) FROM t
-- !query schema
struct<>
-- !query output
org.apache.spark.sql.AnalysisException
{"errorClass":null,"messageParameters":[],"queryContext":[]}


-- !query
SELECT IF(true, cast('1' as binary), cast('2017-12-11 09:30:00' as date)) FROM t
-- !query schema
struct<>
-- !query output
org.apache.spark.sql.AnalysisException
{"errorClass":null,"messageParameters":[],"queryContext":[]}


-- !query
SELECT IF(true, cast(1 as boolean), cast(2 as tinyint)) FROM t
-- !query schema
struct<>
-- !query output
org.apache.spark.sql.AnalysisException
{"errorClass":null,"messageParameters":[],"queryContext":[]}


-- !query
SELECT IF(true, cast(1 as boolean), cast(2 as smallint)) FROM t
-- !query schema
struct<>
-- !query output
org.apache.spark.sql.AnalysisException
{"errorClass":null,"messageParameters":[],"queryContext":[]}


-- !query
SELECT IF(true, cast(1 as boolean), cast(2 as int)) FROM t
-- !query schema
struct<>
-- !query output
org.apache.spark.sql.AnalysisException
{"errorClass":null,"messageParameters":[],"queryContext":[]}


-- !query
SELECT IF(true, cast(1 as boolean), cast(2 as bigint)) FROM t
-- !query schema
struct<>
-- !query output
org.apache.spark.sql.AnalysisException
{"errorClass":null,"messageParameters":[],"queryContext":[]}


-- !query
SELECT IF(true, cast(1 as boolean), cast(2 as float)) FROM t
-- !query schema
struct<>
-- !query output
org.apache.spark.sql.AnalysisException
{"errorClass":null,"messageParameters":[],"queryContext":[]}


-- !query
SELECT IF(true, cast(1 as boolean), cast(2 as double)) FROM t
-- !query schema
struct<>
-- !query output
org.apache.spark.sql.AnalysisException
{"errorClass":null,"messageParameters":[],"queryContext":[]}


-- !query
SELECT IF(true, cast(1 as boolean), cast(2 as decimal(10, 0))) FROM t
-- !query schema
struct<>
-- !query output
org.apache.spark.sql.AnalysisException
{"errorClass":null,"messageParameters":[],"queryContext":[]}


-- !query
SELECT IF(true, cast(1 as boolean), cast(2 as string)) FROM t
-- !query schema
struct<>
-- !query output
org.apache.spark.sql.AnalysisException
{"errorClass":null,"messageParameters":[],"queryContext":[]}


-- !query
SELECT IF(true, cast(1 as boolean), cast('2' as binary)) FROM t
-- !query schema
struct<>
-- !query output
org.apache.spark.sql.AnalysisException
{"errorClass":null,"messageParameters":[],"queryContext":[]}


-- !query
SELECT IF(true, cast(1 as boolean), cast(2 as boolean)) FROM t
-- !query schema
struct<(IF(true, CAST(1 AS BOOLEAN), CAST(2 AS BOOLEAN))):boolean>
-- !query output
true


-- !query
SELECT IF(true, cast(1 as boolean), cast('2017-12-11 09:30:00.0' as timestamp)) FROM t
-- !query schema
struct<>
-- !query output
org.apache.spark.sql.AnalysisException
{"errorClass":null,"messageParameters":[],"queryContext":[]}


-- !query
SELECT IF(true, cast(1 as boolean), cast('2017-12-11 09:30:00' as date)) FROM t
-- !query schema
struct<>
-- !query output
org.apache.spark.sql.AnalysisException
{"errorClass":null,"messageParameters":[],"queryContext":[]}


-- !query
SELECT IF(true, cast('2017-12-12 09:30:00.0' as timestamp), cast(2 as tinyint)) FROM t
-- !query schema
struct<>
-- !query output
org.apache.spark.sql.AnalysisException
{"errorClass":null,"messageParameters":[],"queryContext":[]}


-- !query
SELECT IF(true, cast('2017-12-12 09:30:00.0' as timestamp), cast(2 as smallint)) FROM t
-- !query schema
struct<>
-- !query output
org.apache.spark.sql.AnalysisException
{"errorClass":null,"messageParameters":[],"queryContext":[]}


-- !query
SELECT IF(true, cast('2017-12-12 09:30:00.0' as timestamp), cast(2 as int)) FROM t
-- !query schema
struct<>
-- !query output
org.apache.spark.sql.AnalysisException
{"errorClass":null,"messageParameters":[],"queryContext":[]}


-- !query
SELECT IF(true, cast('2017-12-12 09:30:00.0' as timestamp), cast(2 as bigint)) FROM t
-- !query schema
struct<>
-- !query output
org.apache.spark.sql.AnalysisException
{"errorClass":null,"messageParameters":[],"queryContext":[]}


-- !query
SELECT IF(true, cast('2017-12-12 09:30:00.0' as timestamp), cast(2 as float)) FROM t
-- !query schema
struct<>
-- !query output
org.apache.spark.sql.AnalysisException
{"errorClass":null,"messageParameters":[],"queryContext":[]}


-- !query
SELECT IF(true, cast('2017-12-12 09:30:00.0' as timestamp), cast(2 as double)) FROM t
-- !query schema
struct<>
-- !query output
org.apache.spark.sql.AnalysisException
{"errorClass":null,"messageParameters":[],"queryContext":[]}


-- !query
SELECT IF(true, cast('2017-12-12 09:30:00.0' as timestamp), cast(2 as decimal(10, 0))) FROM t
-- !query schema
struct<>
-- !query output
org.apache.spark.sql.AnalysisException
{"errorClass":null,"messageParameters":[],"queryContext":[]}


-- !query
SELECT IF(true, cast('2017-12-12 09:30:00.0' as timestamp), cast(2 as string)) FROM t
-- !query schema
struct<(IF(true, CAST(2017-12-12 09:30:00.0 AS TIMESTAMP), CAST(2 AS STRING))):string>
-- !query output
2017-12-12 09:30:00


-- !query
SELECT IF(true, cast('2017-12-12 09:30:00.0' as timestamp), cast('2' as binary)) FROM t
-- !query schema
struct<>
-- !query output
org.apache.spark.sql.AnalysisException
{"errorClass":null,"messageParameters":[],"queryContext":[]}


-- !query
SELECT IF(true, cast('2017-12-12 09:30:00.0' as timestamp), cast(2 as boolean)) FROM t
-- !query schema
struct<>
-- !query output
org.apache.spark.sql.AnalysisException
{"errorClass":null,"messageParameters":[],"queryContext":[]}


-- !query
SELECT IF(true, cast('2017-12-12 09:30:00.0' as timestamp), cast('2017-12-11 09:30:00.0' as timestamp)) FROM t
-- !query schema
struct<(IF(true, CAST(2017-12-12 09:30:00.0 AS TIMESTAMP), CAST(2017-12-11 09:30:00.0 AS TIMESTAMP))):timestamp>
-- !query output
2017-12-12 09:30:00


-- !query
SELECT IF(true, cast('2017-12-12 09:30:00.0' as timestamp), cast('2017-12-11 09:30:00' as date)) FROM t
-- !query schema
struct<(IF(true, CAST(2017-12-12 09:30:00.0 AS TIMESTAMP), CAST(2017-12-11 09:30:00 AS DATE))):timestamp>
-- !query output
2017-12-12 09:30:00


-- !query
SELECT IF(true, cast('2017-12-12 09:30:00' as date), cast(2 as tinyint)) FROM t
-- !query schema
struct<>
-- !query output
org.apache.spark.sql.AnalysisException
{"errorClass":null,"messageParameters":[],"queryContext":[]}


-- !query
SELECT IF(true, cast('2017-12-12 09:30:00' as date), cast(2 as smallint)) FROM t
-- !query schema
struct<>
-- !query output
org.apache.spark.sql.AnalysisException
{"errorClass":null,"messageParameters":[],"queryContext":[]}


-- !query
SELECT IF(true, cast('2017-12-12 09:30:00' as date), cast(2 as int)) FROM t
-- !query schema
struct<>
-- !query output
org.apache.spark.sql.AnalysisException
{"errorClass":null,"messageParameters":[],"queryContext":[]}


-- !query
SELECT IF(true, cast('2017-12-12 09:30:00' as date), cast(2 as bigint)) FROM t
-- !query schema
struct<>
-- !query output
org.apache.spark.sql.AnalysisException
{"errorClass":null,"messageParameters":[],"queryContext":[]}


-- !query
SELECT IF(true, cast('2017-12-12 09:30:00' as date), cast(2 as float)) FROM t
-- !query schema
struct<>
-- !query output
org.apache.spark.sql.AnalysisException
{"errorClass":null,"messageParameters":[],"queryContext":[]}


-- !query
SELECT IF(true, cast('2017-12-12 09:30:00' as date), cast(2 as double)) FROM t
-- !query schema
struct<>
-- !query output
org.apache.spark.sql.AnalysisException
{"errorClass":null,"messageParameters":[],"queryContext":[]}


-- !query
SELECT IF(true, cast('2017-12-12 09:30:00' as date), cast(2 as decimal(10, 0))) FROM t
-- !query schema
struct<>
-- !query output
org.apache.spark.sql.AnalysisException
{"errorClass":null,"messageParameters":[],"queryContext":[]}


-- !query
SELECT IF(true, cast('2017-12-12 09:30:00' as date), cast(2 as string)) FROM t
-- !query schema
struct<(IF(true, CAST(2017-12-12 09:30:00 AS DATE), CAST(2 AS STRING))):string>
-- !query output
2017-12-12


-- !query
SELECT IF(true, cast('2017-12-12 09:30:00' as date), cast('2' as binary)) FROM t
-- !query schema
struct<>
-- !query output
org.apache.spark.sql.AnalysisException
{"errorClass":null,"messageParameters":[],"queryContext":[]}


-- !query
SELECT IF(true, cast('2017-12-12 09:30:00' as date), cast(2 as boolean)) FROM t
-- !query schema
struct<>
-- !query output
org.apache.spark.sql.AnalysisException
{"errorClass":null,"messageParameters":[],"queryContext":[]}


-- !query
SELECT IF(true, cast('2017-12-12 09:30:00' as date), cast('2017-12-11 09:30:00.0' as timestamp)) FROM t
-- !query schema
struct<(IF(true, CAST(2017-12-12 09:30:00 AS DATE), CAST(2017-12-11 09:30:00.0 AS TIMESTAMP))):timestamp>
-- !query output
2017-12-12 00:00:00


-- !query
SELECT IF(true, cast('2017-12-12 09:30:00' as date), cast('2017-12-11 09:30:00' as date)) FROM t
-- !query schema
struct<(IF(true, CAST(2017-12-12 09:30:00 AS DATE), CAST(2017-12-11 09:30:00 AS DATE))):date>
-- !query output
2017-12-12
