-- Automatically generated by SQLQueryTestSuite
-- !query
CREATE TEMPORARY VIEW t AS SELECT 1
-- !query schema
struct<>
-- !query output



-- !query
SELECT COUNT(*) OVER (PARTITION BY 1 ORDER BY cast(1 as tinyint)) FROM t
-- !query schema
struct<COUNT(*)OVER(PARTITION BY 1 ORDER BY cast(1 as tinyint)):bigint>
-- !query output
1


-- !query
SELECT COUNT(*) OVER (PARTITION BY 1 ORDER BY cast(1 as smallint)) FROM t
-- !query schema
struct<COUNT(*)OVER(PARTITION BY 1 ORDER BY cast(1 as smallint)):bigint>
-- !query output
1


-- !query
SELECT COUNT(*) OVER (PARTITION BY 1 ORDER BY cast(1 as int)) FROM t
-- !query schema
struct<COUNT(*)OVER(PARTITION BY 1 ORDER BY cast(1 as int)):bigint>
-- !query output
1


-- !query
SELECT COUNT(*) OVER (PARTITION BY 1 ORDER BY cast(1 as bigint)) FROM t
-- !query schema
struct<COUNT(*)OVER(PARTITION BY 1 ORDER BY cast(1 as bigint)):bigint>
-- !query output
1


-- !query
SELECT COUNT(*) OVER (PARTITION BY 1 ORDER BY cast(1 as float)) FROM t
-- !query schema
struct<COUNT(*)OVER(PARTITION BY 1 ORDER BY cast(1 as float)):bigint>
-- !query output
1


-- !query
SELECT COUNT(*) OVER (PARTITION BY 1 ORDER BY cast(1 as double)) FROM t
-- !query schema
struct<COUNT(*)OVER(PARTITION BY 1 ORDER BY cast(1 as double)):bigint>
-- !query output
1


-- !query
SELECT COUNT(*) OVER (PARTITION BY 1 ORDER BY cast(1 as decimal(10, 0))) FROM t
-- !query schema
struct<COUNT(*)OVER(PARTITION BY 1 ORDER BY cast(1 as decimal(10, 0))):bigint>
-- !query output
1


-- !query
SELECT COUNT(*) OVER (PARTITION BY 1 ORDER BY cast(1 as string)) FROM t
-- !query schema
struct<COUNT(*)OVER(PARTITION BY 1 ORDER BY cast(1 as string)):bigint>
-- !query output
1


-- !query
SELECT COUNT(*) OVER (PARTITION BY 1 ORDER BY cast('1' as binary)) FROM t
-- !query schema
struct<COUNT(*)OVER(PARTITION BY 1 ORDER BY cast('1' as binary)):bigint>
-- !query output
1


-- !query
SELECT COUNT(*) OVER (PARTITION BY 1 ORDER BY cast(1 as boolean)) FROM t
-- !query schema
struct<COUNT(*)OVER(PARTITION BY 1 ORDER BY cast(1 as boolean)):bigint>
-- !query output
1


-- !query
SELECT COUNT(*) OVER (PARTITION BY 1 ORDER BY cast('2017-12-11 09:30:00.0' as timestamp)) FROM t
-- !query schema
struct<COUNT(*)OVER(PARTITION BY 1 ORDER BY cast('2017-12-11 09:30:00.0' as timestamp)):bigint>
-- !query output
1


-- !query
SELECT COUNT(*) OVER (PARTITION BY 1 ORDER BY cast('2017-12-11 09:30:00' as date)) FROM t
-- !query schema
struct<COUNT(*)OVER(PARTITION BY 1 ORDER BY cast('2017-12-11 09:30:00' as date)):bigint>
-- !query output
1


-- !query
SELECT COUNT(*) OVER (PARTITION BY 1 ORDER BY cast(1 as tinyint) DESC RANGE BETWEEN CURRENT ROW AND 1 FOLLOWING) FROM t
-- !query schema
struct<COUNT(*)OVER(PARTITION BY 1 ORDER BY cast(1 as tinyint)DESC RANGE BETWEEN CURRENT ROW AND 1 FOLLOWING):bigint>
-- !query output
1


-- !query
SELECT COUNT(*) OVER (PARTITION BY 1 ORDER BY cast(1 as smallint) DESC RANGE BETWEEN CURRENT ROW AND 1 FOLLOWING) FROM t
-- !query schema
struct<COUNT(*)OVER(PARTITION BY 1 ORDER BY cast(1 as smallint)DESC RANGE BETWEEN CURRENT ROW AND 1 FOLLOWING):bigint>
-- !query output
1


-- !query
SELECT COUNT(*) OVER (PARTITION BY 1 ORDER BY cast(1 as int) DESC RANGE BETWEEN CURRENT ROW AND 1 FOLLOWING) FROM t
-- !query schema
struct<COUNT(*)OVER(PARTITION BY 1 ORDER BY cast(1 as int)DESC RANGE BETWEEN CURRENT ROW AND 1 FOLLOWING):bigint>
-- !query output
1


-- !query
SELECT COUNT(*) OVER (PARTITION BY 1 ORDER BY cast(1 as bigint) DESC RANGE BETWEEN CURRENT ROW AND 1 FOLLOWING) FROM t
-- !query schema
struct<COUNT(*)OVER(PARTITION BY 1 ORDER BY cast(1 as bigint)DESC RANGE BETWEEN CURRENT ROW AND 1 FOLLOWING):bigint>
-- !query output
1


-- !query
SELECT COUNT(*) OVER (PARTITION BY 1 ORDER BY cast(1 as float) DESC RANGE BETWEEN CURRENT ROW AND 1 FOLLOWING) FROM t
-- !query schema
struct<COUNT(*)OVER(PARTITION BY 1 ORDER BY cast(1 as float)DESC RANGE BETWEEN CURRENT ROW AND 1 FOLLOWING):bigint>
-- !query output
1


-- !query
SELECT COUNT(*) OVER (PARTITION BY 1 ORDER BY cast(1 as double) DESC RANGE BETWEEN CURRENT ROW AND 1 FOLLOWING) FROM t
-- !query schema
struct<COUNT(*)OVER(PARTITION BY 1 ORDER BY cast(1 as double)DESC RANGE BETWEEN CURRENT ROW AND 1 FOLLOWING):bigint>
-- !query output
1


-- !query
SELECT COUNT(*) OVER (PARTITION BY 1 ORDER BY cast(1 as decimal(10, 0)) DESC RANGE BETWEEN CURRENT ROW AND 1 FOLLOWING) FROM t
-- !query schema
struct<COUNT(*)OVER(PARTITION BY 1 ORDER BY cast(1 as decimal(10, 0))DESC RANGE BETWEEN CURRENT ROW AND 1 FOLLOWING):bigint>
-- !query output
1


-- !query
SELECT COUNT(*) OVER (PARTITION BY 1 ORDER BY cast(1 as string) DESC RANGE BETWEEN CURRENT ROW AND 1 FOLLOWING) FROM t
-- !query schema
struct<>
-- !query output
org.apache.spark.sql.AnalysisException
{
  "errorClass" : "DATATYPE_MISMATCH.SPECIFIED_WINDOW_FRAME_UNACCEPTED_TYPE",
  "messageParameters" : {
    "expectedType" : "(\"NUMERIC\" or \"INTERVAL DAY TO SECOND\" or \"INTERVAL YEAR TO MONTH\" or \"INTERVAL\")",
    "exprType" : "\"STRING\"",
    "location" : "upper",
    "sqlExpr" : "\"RANGE BETWEEN CURRENT ROW AND 1 FOLLOWING\""
  },
  "queryContext" : [ {
    "objectType" : "",
    "objectName" : "",
    "startIndex" : 22,
    "stopIndex" : 111,
    "fragment" : "(PARTITION BY 1 ORDER BY cast(1 as string) DESC RANGE BETWEEN CURRENT ROW AND 1 FOLLOWING)"
  } ]
}


-- !query
SELECT COUNT(*) OVER (PARTITION BY 1 ORDER BY cast('1' as binary) DESC RANGE BETWEEN CURRENT ROW AND 1 FOLLOWING) FROM t
-- !query schema
struct<>
-- !query output
org.apache.spark.sql.AnalysisException
{
  "errorClass" : "DATATYPE_MISMATCH.SPECIFIED_WINDOW_FRAME_UNACCEPTED_TYPE",
  "messageParameters" : {
    "expectedType" : "(\"NUMERIC\" or \"INTERVAL DAY TO SECOND\" or \"INTERVAL YEAR TO MONTH\" or \"INTERVAL\")",
    "exprType" : "\"BINARY\"",
    "location" : "upper",
    "sqlExpr" : "\"RANGE BETWEEN CURRENT ROW AND 1 FOLLOWING\""
  },
  "queryContext" : [ {
    "objectType" : "",
    "objectName" : "",
    "startIndex" : 22,
    "stopIndex" : 113,
    "fragment" : "(PARTITION BY 1 ORDER BY cast('1' as binary) DESC RANGE BETWEEN CURRENT ROW AND 1 FOLLOWING)"
  } ]
}


-- !query
SELECT COUNT(*) OVER (PARTITION BY 1 ORDER BY cast(1 as boolean) DESC RANGE BETWEEN CURRENT ROW AND 1 FOLLOWING) FROM t
-- !query schema
struct<>
-- !query output
org.apache.spark.sql.AnalysisException
{
  "errorClass" : "DATATYPE_MISMATCH.SPECIFIED_WINDOW_FRAME_UNACCEPTED_TYPE",
  "messageParameters" : {
    "expectedType" : "(\"NUMERIC\" or \"INTERVAL DAY TO SECOND\" or \"INTERVAL YEAR TO MONTH\" or \"INTERVAL\")",
    "exprType" : "\"BOOLEAN\"",
    "location" : "upper",
    "sqlExpr" : "\"RANGE BETWEEN CURRENT ROW AND 1 FOLLOWING\""
  },
  "queryContext" : [ {
    "objectType" : "",
    "objectName" : "",
    "startIndex" : 22,
    "stopIndex" : 112,
    "fragment" : "(PARTITION BY 1 ORDER BY cast(1 as boolean) DESC RANGE BETWEEN CURRENT ROW AND 1 FOLLOWING)"
  } ]
}


-- !query
SELECT COUNT(*) OVER (PARTITION BY 1 ORDER BY cast('2017-12-11 09:30:00.0' as timestamp) DESC RANGE BETWEEN CURRENT ROW AND 1 FOLLOWING) FROM t
-- !query schema
struct<>
-- !query output
org.apache.spark.sql.AnalysisException
{
  "errorClass" : "DATATYPE_MISMATCH.RANGE_FRAME_INVALID_TYPE",
  "messageParameters" : {
    "orderSpecType" : "\"TIMESTAMP\"",
    "sqlExpr" : "\"(PARTITION BY 1 ORDER BY CAST(2017-12-11 09:30:00.0 AS TIMESTAMP) DESC NULLS LAST RANGE BETWEEN CURRENT ROW AND 1 FOLLOWING)\"",
    "valueBoundaryType" : "\"INT\""
  },
  "queryContext" : [ {
    "objectType" : "",
    "objectName" : "",
    "startIndex" : 22,
    "stopIndex" : 136,
    "fragment" : "(PARTITION BY 1 ORDER BY cast('2017-12-11 09:30:00.0' as timestamp) DESC RANGE BETWEEN CURRENT ROW AND 1 FOLLOWING)"
  } ]
}


-- !query
SELECT COUNT(*) OVER (PARTITION BY 1 ORDER BY cast('2017-12-11 09:30:00' as date) DESC RANGE BETWEEN CURRENT ROW AND 1 FOLLOWING) FROM t
-- !query schema
struct<COUNT(*)OVER(PARTITION BY 1 ORDER BY cast('2017-12-11 09:30:00' as date)DESC RANGE BETWEEN CURRENT ROW AND 1 FOLLOWING):bigint>
-- !query output
1
