-- Automatically generated by SQLQueryTestSuite
-- !query
create temporary view v as select col from values
 (timestamp '1582-06-01 11:33:33.123UTC+080000'),
 (timestamp '1970-01-01 00:00:00.000Europe/Paris'),
 (timestamp '1970-12-31 23:59:59.999Asia/Srednekolymsk'),
 (timestamp '1996-04-01 00:33:33.123Australia/Darwin'),
 (timestamp '2018-11-17 13:33:33.123Z'),
 (timestamp '2020-01-01 01:33:33.123Asia/Shanghai'),
 (timestamp '2100-01-01 01:33:33.123America/Los_Angeles') t(col)
-- !query analysis
CreateViewCommand `v`, select col from values
 (timestamp '1582-06-01 11:33:33.123UTC+080000'),
 (timestamp '1970-01-01 00:00:00.000Europe/Paris'),
 (timestamp '1970-12-31 23:59:59.999Asia/Srednekolymsk'),
 (timestamp '1996-04-01 00:33:33.123Australia/Darwin'),
 (timestamp '2018-11-17 13:33:33.123Z'),
 (timestamp '2020-01-01 01:33:33.123Asia/Shanghai'),
 (timestamp '2100-01-01 01:33:33.123America/Los_Angeles') t(col), false, false, LocalTempView, true
   +- Project [col#x]
      +- SubqueryAlias t
         +- LocalRelation [col#x]


-- !query
select col, date_format(col, 'G GG GGG GGGG'), to_char(col, 'G GG GGG GGGG') from v
-- !query analysis
Project [col#x, date_format(col#x, G GG GGG GGGG, Some(America/Los_Angeles)) AS date_format(col, G GG GGG GGGG)#x, date_format(col#x, G GG GGG GGGG, Some(America/Los_Angeles)) AS date_format(col, G GG GGG GGGG)#x]
+- SubqueryAlias v
   +- View (`v`, [col#x])
      +- Project [cast(col#x as timestamp) AS col#x]
         +- Project [col#x]
            +- SubqueryAlias t
               +- LocalRelation [col#x]


-- !query
select col, date_format(col, 'y yy yyy yyyy yyyyy yyyyyy'), to_char(col, 'y yy yyy yyyy yyyyy yyyyyy') from v
-- !query analysis
Project [col#x, date_format(col#x, y yy yyy yyyy yyyyy yyyyyy, Some(America/Los_Angeles)) AS date_format(col, y yy yyy yyyy yyyyy yyyyyy)#x, date_format(col#x, y yy yyy yyyy yyyyy yyyyyy, Some(America/Los_Angeles)) AS date_format(col, y yy yyy yyyy yyyyy yyyyyy)#x]
+- SubqueryAlias v
   +- View (`v`, [col#x])
      +- Project [cast(col#x as timestamp) AS col#x]
         +- Project [col#x]
            +- SubqueryAlias t
               +- LocalRelation [col#x]


-- !query
select col, date_format(col, 'q qq'), to_char(col, 'q qq') from v
-- !query analysis
Project [col#x, date_format(col#x, q qq, Some(America/Los_Angeles)) AS date_format(col, q qq)#x, date_format(col#x, q qq, Some(America/Los_Angeles)) AS date_format(col, q qq)#x]
+- SubqueryAlias v
   +- View (`v`, [col#x])
      +- Project [cast(col#x as timestamp) AS col#x]
         +- Project [col#x]
            +- SubqueryAlias t
               +- LocalRelation [col#x]


-- !query
select col, date_format(col, 'Q QQ QQQ QQQQ'), to_char(col, 'Q QQ QQQ QQQQ') from v
-- !query analysis
Project [col#x, date_format(col#x, Q QQ QQQ QQQQ, Some(America/Los_Angeles)) AS date_format(col, Q QQ QQQ QQQQ)#x, date_format(col#x, Q QQ QQQ QQQQ, Some(America/Los_Angeles)) AS date_format(col, Q QQ QQQ QQQQ)#x]
+- SubqueryAlias v
   +- View (`v`, [col#x])
      +- Project [cast(col#x as timestamp) AS col#x]
         +- Project [col#x]
            +- SubqueryAlias t
               +- LocalRelation [col#x]


-- !query
select col, date_format(col, 'M MM MMM MMMM'), to_char(col, 'M MM MMM MMMM') from v
-- !query analysis
Project [col#x, date_format(col#x, M MM MMM MMMM, Some(America/Los_Angeles)) AS date_format(col, M MM MMM MMMM)#x, date_format(col#x, M MM MMM MMMM, Some(America/Los_Angeles)) AS date_format(col, M MM MMM MMMM)#x]
+- SubqueryAlias v
   +- View (`v`, [col#x])
      +- Project [cast(col#x as timestamp) AS col#x]
         +- Project [col#x]
            +- SubqueryAlias t
               +- LocalRelation [col#x]


-- !query
select col, date_format(col, 'L LL'), to_char(col, 'L LL') from v
-- !query analysis
Project [col#x, date_format(col#x, L LL, Some(America/Los_Angeles)) AS date_format(col, L LL)#x, date_format(col#x, L LL, Some(America/Los_Angeles)) AS date_format(col, L LL)#x]
+- SubqueryAlias v
   +- View (`v`, [col#x])
      +- Project [cast(col#x as timestamp) AS col#x]
         +- Project [col#x]
            +- SubqueryAlias t
               +- LocalRelation [col#x]


-- !query
select col, date_format(col, 'E EE EEE EEEE'), to_char(col, 'E EE EEE EEEE') from v
-- !query analysis
Project [col#x, date_format(col#x, E EE EEE EEEE, Some(America/Los_Angeles)) AS date_format(col, E EE EEE EEEE)#x, date_format(col#x, E EE EEE EEEE, Some(America/Los_Angeles)) AS date_format(col, E EE EEE EEEE)#x]
+- SubqueryAlias v
   +- View (`v`, [col#x])
      +- Project [cast(col#x as timestamp) AS col#x]
         +- Project [col#x]
            +- SubqueryAlias t
               +- LocalRelation [col#x]


-- !query
select col, date_format(col, 'F'), to_char(col, 'F') from v
-- !query analysis
Project [col#x, date_format(col#x, F, Some(America/Los_Angeles)) AS date_format(col, F)#x, date_format(col#x, F, Some(America/Los_Angeles)) AS date_format(col, F)#x]
+- SubqueryAlias v
   +- View (`v`, [col#x])
      +- Project [cast(col#x as timestamp) AS col#x]
         +- Project [col#x]
            +- SubqueryAlias t
               +- LocalRelation [col#x]


-- !query
select col, date_format(col, 'd dd'), to_char(col, 'd dd') from v
-- !query analysis
Project [col#x, date_format(col#x, d dd, Some(America/Los_Angeles)) AS date_format(col, d dd)#x, date_format(col#x, d dd, Some(America/Los_Angeles)) AS date_format(col, d dd)#x]
+- SubqueryAlias v
   +- View (`v`, [col#x])
      +- Project [cast(col#x as timestamp) AS col#x]
         +- Project [col#x]
            +- SubqueryAlias t
               +- LocalRelation [col#x]


-- !query
select col, date_format(col, 'DD'), to_char(col, 'DD') from v where col = timestamp '2100-01-01 01:33:33.123America/Los_Angeles'
-- !query analysis
[Analyzer test output redacted due to nondeterminism]


-- !query
select col, date_format(col, 'D DDD'), to_char(col, 'D DDD') from v
-- !query analysis
Project [col#x, date_format(col#x, D DDD, Some(America/Los_Angeles)) AS date_format(col, D DDD)#x, date_format(col#x, D DDD, Some(America/Los_Angeles)) AS date_format(col, D DDD)#x]
+- SubqueryAlias v
   +- View (`v`, [col#x])
      +- Project [cast(col#x as timestamp) AS col#x]
         +- Project [col#x]
            +- SubqueryAlias t
               +- LocalRelation [col#x]


-- !query
select col, date_format(col, 'H HH'), to_char(col, 'H HH') from v
-- !query analysis
Project [col#x, date_format(col#x, H HH, Some(America/Los_Angeles)) AS date_format(col, H HH)#x, date_format(col#x, H HH, Some(America/Los_Angeles)) AS date_format(col, H HH)#x]
+- SubqueryAlias v
   +- View (`v`, [col#x])
      +- Project [cast(col#x as timestamp) AS col#x]
         +- Project [col#x]
            +- SubqueryAlias t
               +- LocalRelation [col#x]


-- !query
select col, date_format(col, 'h hh'), to_char(col, 'h hh') from v
-- !query analysis
Project [col#x, date_format(col#x, h hh, Some(America/Los_Angeles)) AS date_format(col, h hh)#x, date_format(col#x, h hh, Some(America/Los_Angeles)) AS date_format(col, h hh)#x]
+- SubqueryAlias v
   +- View (`v`, [col#x])
      +- Project [cast(col#x as timestamp) AS col#x]
         +- Project [col#x]
            +- SubqueryAlias t
               +- LocalRelation [col#x]


-- !query
select col, date_format(col, 'k kk'), to_char(col, 'k kk') from v
-- !query analysis
Project [col#x, date_format(col#x, k kk, Some(America/Los_Angeles)) AS date_format(col, k kk)#x, date_format(col#x, k kk, Some(America/Los_Angeles)) AS date_format(col, k kk)#x]
+- SubqueryAlias v
   +- View (`v`, [col#x])
      +- Project [cast(col#x as timestamp) AS col#x]
         +- Project [col#x]
            +- SubqueryAlias t
               +- LocalRelation [col#x]


-- !query
select col, date_format(col, 'K KK'), to_char(col, 'K KK') from v
-- !query analysis
Project [col#x, date_format(col#x, K KK, Some(America/Los_Angeles)) AS date_format(col, K KK)#x, date_format(col#x, K KK, Some(America/Los_Angeles)) AS date_format(col, K KK)#x]
+- SubqueryAlias v
   +- View (`v`, [col#x])
      +- Project [cast(col#x as timestamp) AS col#x]
         +- Project [col#x]
            +- SubqueryAlias t
               +- LocalRelation [col#x]


-- !query
select col, date_format(col, 'm mm'), to_char(col, 'm mm') from v
-- !query analysis
Project [col#x, date_format(col#x, m mm, Some(America/Los_Angeles)) AS date_format(col, m mm)#x, date_format(col#x, m mm, Some(America/Los_Angeles)) AS date_format(col, m mm)#x]
+- SubqueryAlias v
   +- View (`v`, [col#x])
      +- Project [cast(col#x as timestamp) AS col#x]
         +- Project [col#x]
            +- SubqueryAlias t
               +- LocalRelation [col#x]


-- !query
select col, date_format(col, 's ss'), to_char(col, 's ss') from v
-- !query analysis
Project [col#x, date_format(col#x, s ss, Some(America/Los_Angeles)) AS date_format(col, s ss)#x, date_format(col#x, s ss, Some(America/Los_Angeles)) AS date_format(col, s ss)#x]
+- SubqueryAlias v
   +- View (`v`, [col#x])
      +- Project [cast(col#x as timestamp) AS col#x]
         +- Project [col#x]
            +- SubqueryAlias t
               +- LocalRelation [col#x]


-- !query
select col, date_format(col, 'S SS SSS SSSS SSSSS SSSSSS SSSSSSS SSSSSSSS SSSSSSSSS'), to_char(col, 'S SS SSS SSSS SSSSS SSSSSS SSSSSSS SSSSSSSS SSSSSSSSS') from v
-- !query analysis
Project [col#x, date_format(col#x, S SS SSS SSSS SSSSS SSSSSS SSSSSSS SSSSSSSS SSSSSSSSS, Some(America/Los_Angeles)) AS date_format(col, S SS SSS SSSS SSSSS SSSSSS SSSSSSS SSSSSSSS SSSSSSSSS)#x, date_format(col#x, S SS SSS SSSS SSSSS SSSSSS SSSSSSS SSSSSSSS SSSSSSSSS, Some(America/Los_Angeles)) AS date_format(col, S SS SSS SSSS SSSSS SSSSSS SSSSSSS SSSSSSSS SSSSSSSSS)#x]
+- SubqueryAlias v
   +- View (`v`, [col#x])
      +- Project [cast(col#x as timestamp) AS col#x]
         +- Project [col#x]
            +- SubqueryAlias t
               +- LocalRelation [col#x]


-- !query
select col, date_format(col, 'a'), to_char(col, 'a') from v
-- !query analysis
Project [col#x, date_format(col#x, a, Some(America/Los_Angeles)) AS date_format(col, a)#x, date_format(col#x, a, Some(America/Los_Angeles)) AS date_format(col, a)#x]
+- SubqueryAlias v
   +- View (`v`, [col#x])
      +- Project [cast(col#x as timestamp) AS col#x]
         +- Project [col#x]
            +- SubqueryAlias t
               +- LocalRelation [col#x]


-- !query
select col, date_format(col, 'VV'), to_char(col, 'VV') from v
-- !query analysis
Project [col#x, date_format(col#x, VV, Some(America/Los_Angeles)) AS date_format(col, VV)#x, date_format(col#x, VV, Some(America/Los_Angeles)) AS date_format(col, VV)#x]
+- SubqueryAlias v
   +- View (`v`, [col#x])
      +- Project [cast(col#x as timestamp) AS col#x]
         +- Project [col#x]
            +- SubqueryAlias t
               +- LocalRelation [col#x]


-- !query
select col, date_format(col, 'z zz zzz zzzz'), to_char(col, 'z zz zzz zzzz') from v
-- !query analysis
Project [col#x, date_format(col#x, z zz zzz zzzz, Some(America/Los_Angeles)) AS date_format(col, z zz zzz zzzz)#x, date_format(col#x, z zz zzz zzzz, Some(America/Los_Angeles)) AS date_format(col, z zz zzz zzzz)#x]
+- SubqueryAlias v
   +- View (`v`, [col#x])
      +- Project [cast(col#x as timestamp) AS col#x]
         +- Project [col#x]
            +- SubqueryAlias t
               +- LocalRelation [col#x]


-- !query
select col, date_format(col, 'X XX XXX'), to_char(col, 'X XX XXX') from v
-- !query analysis
Project [col#x, date_format(col#x, X XX XXX, Some(America/Los_Angeles)) AS date_format(col, X XX XXX)#x, date_format(col#x, X XX XXX, Some(America/Los_Angeles)) AS date_format(col, X XX XXX)#x]
+- SubqueryAlias v
   +- View (`v`, [col#x])
      +- Project [cast(col#x as timestamp) AS col#x]
         +- Project [col#x]
            +- SubqueryAlias t
               +- LocalRelation [col#x]


-- !query
select col, date_format(col, 'XXXX XXXXX'), to_char(col, 'XXXX XXXXX') from v
-- !query analysis
Project [col#x, date_format(col#x, XXXX XXXXX, Some(America/Los_Angeles)) AS date_format(col, XXXX XXXXX)#x, date_format(col#x, XXXX XXXXX, Some(America/Los_Angeles)) AS date_format(col, XXXX XXXXX)#x]
+- SubqueryAlias v
   +- View (`v`, [col#x])
      +- Project [cast(col#x as timestamp) AS col#x]
         +- Project [col#x]
            +- SubqueryAlias t
               +- LocalRelation [col#x]


-- !query
select col, date_format(col, 'Z ZZ ZZZ ZZZZ ZZZZZ'), to_char(col, 'Z ZZ ZZZ ZZZZ ZZZZZ') from v
-- !query analysis
Project [col#x, date_format(col#x, Z ZZ ZZZ ZZZZ ZZZZZ, Some(America/Los_Angeles)) AS date_format(col, Z ZZ ZZZ ZZZZ ZZZZZ)#x, date_format(col#x, Z ZZ ZZZ ZZZZ ZZZZZ, Some(America/Los_Angeles)) AS date_format(col, Z ZZ ZZZ ZZZZ ZZZZZ)#x]
+- SubqueryAlias v
   +- View (`v`, [col#x])
      +- Project [cast(col#x as timestamp) AS col#x]
         +- Project [col#x]
            +- SubqueryAlias t
               +- LocalRelation [col#x]


-- !query
select col, date_format(col, 'O OOOO'), to_char(col, 'O OOOO') from v
-- !query analysis
Project [col#x, date_format(col#x, O OOOO, Some(America/Los_Angeles)) AS date_format(col, O OOOO)#x, date_format(col#x, O OOOO, Some(America/Los_Angeles)) AS date_format(col, O OOOO)#x]
+- SubqueryAlias v
   +- View (`v`, [col#x])
      +- Project [cast(col#x as timestamp) AS col#x]
         +- Project [col#x]
            +- SubqueryAlias t
               +- LocalRelation [col#x]


-- !query
select col, date_format(col, 'x xx xxx xxxx xxxx xxxxx'), to_char(col, 'x xx xxx xxxx xxxx xxxxx') from v
-- !query analysis
Project [col#x, date_format(col#x, x xx xxx xxxx xxxx xxxxx, Some(America/Los_Angeles)) AS date_format(col, x xx xxx xxxx xxxx xxxxx)#x, date_format(col#x, x xx xxx xxxx xxxx xxxxx, Some(America/Los_Angeles)) AS date_format(col, x xx xxx xxxx xxxx xxxxx)#x]
+- SubqueryAlias v
   +- View (`v`, [col#x])
      +- Project [cast(col#x as timestamp) AS col#x]
         +- Project [col#x]
            +- SubqueryAlias t
               +- LocalRelation [col#x]


-- !query
select col, date_format(col, '[yyyy-MM-dd HH:mm:ss]'), to_char(col, '[yyyy-MM-dd HH:mm:ss]') from v
-- !query analysis
Project [col#x, date_format(col#x, [yyyy-MM-dd HH:mm:ss], Some(America/Los_Angeles)) AS date_format(col, [yyyy-MM-dd HH:mm:ss])#x, date_format(col#x, [yyyy-MM-dd HH:mm:ss], Some(America/Los_Angeles)) AS date_format(col, [yyyy-MM-dd HH:mm:ss])#x]
+- SubqueryAlias v
   +- View (`v`, [col#x])
      +- Project [cast(col#x as timestamp) AS col#x]
         +- Project [col#x]
            +- SubqueryAlias t
               +- LocalRelation [col#x]


-- !query
select col, date_format(col, "姚123'GyYqQMLwWuEFDdhHmsSaVzZxXOV'"), to_char(col, "姚123'GyYqQMLwWuEFDdhHmsSaVzZxXOV'") from v
-- !query analysis
Project [col#x, date_format(col#x, 姚123'GyYqQMLwWuEFDdhHmsSaVzZxXOV', Some(America/Los_Angeles)) AS date_format(col, 姚123'GyYqQMLwWuEFDdhHmsSaVzZxXOV')#x, date_format(col#x, 姚123'GyYqQMLwWuEFDdhHmsSaVzZxXOV', Some(America/Los_Angeles)) AS date_format(col, 姚123'GyYqQMLwWuEFDdhHmsSaVzZxXOV')#x]
+- SubqueryAlias v
   +- View (`v`, [col#x])
      +- Project [cast(col#x as timestamp) AS col#x]
         +- Project [col#x]
            +- SubqueryAlias t
               +- LocalRelation [col#x]


-- !query
select col, date_format(col, "''"), to_char(col, "''") from v
-- !query analysis
Project [col#x, date_format(col#x, '', Some(America/Los_Angeles)) AS date_format(col, '')#x, date_format(col#x, '', Some(America/Los_Angeles)) AS date_format(col, '')#x]
+- SubqueryAlias v
   +- View (`v`, [col#x])
      +- Project [cast(col#x as timestamp) AS col#x]
         +- Project [col#x]
            +- SubqueryAlias t
               +- LocalRelation [col#x]


-- !query
select col, date_format(col, ''), to_char(col, '') from v
-- !query analysis
Project [col#x, date_format(col#x, , Some(America/Los_Angeles)) AS date_format(col, )#x, date_format(col#x, , Some(America/Los_Angeles)) AS date_format(col, )#x]
+- SubqueryAlias v
   +- View (`v`, [col#x])
      +- Project [cast(col#x as timestamp) AS col#x]
         +- Project [col#x]
            +- SubqueryAlias t
               +- LocalRelation [col#x]
