-- Automatically generated by SQLQueryTestSuite
-- !query
select time '16:39:45\t'
-- !query analysis
Project [16:39:45 AS TIME '16:39:45'#x]
+- OneRowRelation
